******************************************************************************
             TMS320C2000 Linker PC v6.0.2                      
******************************************************************************
>> Linked Fri May 25 12:00:13 2012

OUTPUT FILE NAME:   <C:\Work\Perforce64\RnD\LF_Power_Project\LF_Power/Debug/02A_SCI_LoopBack.out>
ENTRY POINT SYMBOL: "_c_int00"  address: 0000832f


MEMORY CONFIGURATION

         name            origin    length      used     unused   attr    fill
----------------------  --------  ---------  --------  --------  ----  --------
PAGE 0:
  BEGIN                 00000000   00000002  00000002  00000000  RWIX
  RAML0                 00008000   00001000  00000593  00000a6d  RWIX
  OTP                   003d7800   00000400  00000000  00000400  RWIX
  FLASHD                003f4000   00001000  00000000  00001000  RWIX
  FLASHC                003f5000   00001000  00000000  00001000  RWIX
  FLASHA                003f7000   00000f80  00000000  00000f80  RWIX
  CSM_RSVD              003f7f80   00000076  00000000  00000076  RWIX
  CSM_PWL               003f7ff8   00000008  00000000  00000008  RWIX
  ROM                   003ff000   00000fc0  00000000  00000fc0  RWIX
  RESET                 003fffc0   00000002  00000000  00000002  RWIX
  VECTORS               003fffc2   0000003e  00000000  0000003e  RWIX

PAGE 1:
  RAMM0                 00000002   000003fe  000003fe  00000000  RWIX
  BOOT_RSVD             00000400   00000080  00000000  00000080  RWIX
  RAMM1                 00000480   00000380  00000030  00000350  RWIX
  DEV_EMU               00000880   00000180  000000d0  000000b0  RWIX
  FLASH_REGS            00000a80   00000060  00000008  00000058  RWIX
  CSM                   00000ae0   00000010  00000010  00000000  RWIX
  ADC_MIRROR            00000b00   00000010  00000010  00000000  RWIX
  CPU_TIMER0            00000c00   00000008  00000008  00000000  RWIX
  CPU_TIMER1            00000c08   00000008  00000008  00000000  RWIX
  CPU_TIMER2            00000c10   00000008  00000008  00000000  RWIX
  PIE_CTRL              00000ce0   00000020  0000001a  00000006  RWIX
  PIE_VECT              00000d00   00000100  00000100  00000000  RWIX
  ECANA                 00006000   00000040  00000034  0000000c  RWIX
  ECANA_LAM             00006040   00000040  00000040  00000000  RWIX
  ECANA_MOTS            00006080   00000040  00000040  00000000  RWIX
  ECANA_MOTO            000060c0   00000040  00000040  00000000  RWIX
  ECANA_MBOX            00006100   00000100  00000100  00000000  RWIX
  ECANB                 00006200   00000040  00000034  0000000c  RWIX
  ECANB_LAM             00006240   00000040  00000040  00000000  RWIX
  ECANB_MOTS            00006280   00000040  00000040  00000000  RWIX
  ECANB_MOTO            000062c0   00000040  00000040  00000000  RWIX
  ECANB_MBOX            00006300   00000100  00000100  00000000  RWIX
  EPWM1                 00006800   00000022  00000022  00000000  RWIX
  EPWM2                 00006840   00000022  00000022  00000000  RWIX
  EPWM3                 00006880   00000022  00000022  00000000  RWIX
  EPWM4                 000068c0   00000022  00000022  00000000  RWIX
  EPWM5                 00006900   00000022  00000022  00000000  RWIX
  EPWM6                 00006940   00000022  00000022  00000000  RWIX
  ECAP1                 00006a00   00000020  00000020  00000000  RWIX
  ECAP2                 00006a20   00000020  00000020  00000000  RWIX
  ECAP3                 00006a40   00000020  00000020  00000000  RWIX
  ECAP4                 00006a60   00000020  00000020  00000000  RWIX
  EQEP1                 00006b00   00000040  00000040  00000000  RWIX
  EQEP2                 00006b40   00000040  00000040  00000000  RWIX
  GPIOCTRL              00006f80   00000040  00000040  00000000  RWIX
  GPIODAT               00006fc0   00000020  00000020  00000000  RWIX
  GPIOINT               00006fe0   00000020  0000000a  00000016  RWIX
  SYSTEM                00007010   00000020  00000020  00000000  RWIX
  SPIA                  00007040   00000010  00000010  00000000  RWIX
  SCIA                  00007050   00000010  00000010  00000000  RWIX
  XINTRUPT              00007070   00000010  00000010  00000000  RWIX
  ADC                   00007100   00000020  0000001e  00000002  RWIX
  SPIB                  00007740   00000010  00000010  00000000  RWIX
  SCIB                  00007750   00000010  00000010  00000000  RWIX
  SPIC                  00007760   00000010  00000010  00000000  RWIX
  SPID                  00007780   00000010  00000010  00000000  RWIX
  I2CA                  00007900   00000040  00000022  0000001e  RWIX
  FLASHB                003f6000   00001000  00000000  00001000  RWIX
  CSM_PWL               003f7ff8   00000008  00000008  00000000  RWIX


SECTION ALLOCATION MAP

 output                                  attributes/
section   page    origin      length       input sections
--------  ----  ----------  ----------   ----------------
codestart 
*          0    00000000    00000002     
                  00000000    00000002     DSP280x_CodeStartBranch.obj (codestart)

.pinit     0    00008000    00000000     UNINITIALIZED

.text      0    00008000    00000462     
                  00008000    00000145     DSP280x_DefaultIsr.obj (.text:retain)
                  00008145    000000fa     DSP280x_SysCtrl.obj (.text)
                  0000823f    000000f0     LF_Power.obj (.text)
                  0000832f    00000044     rts2800_ml.lib : boot.obj (.text)
                  00008373    00000034     LF_Power.obj (.text:retain)
                  000083a7    00000030     DSP280x_Sci.obj (.text)
                  000083d7    00000028     DSP280x_PieCtrl.obj (.text)
                  000083ff    00000020     DSP280x_PieVect.obj (.text)
                  0000841f    00000019     rts2800_ml.lib : args_main.obj (.text)
                  00008438    00000019                    : exit.obj (.text)
                  00008451    00000009                    : _lock.obj (.text)
                  0000845a    00000008     DSP280x_CodeStartBranch.obj (.text)

.econst    0    00008462    00000100     
                  00008462    00000100     DSP280x_PieVect.obj (.econst)

ramfuncs   0    00008562    0000001b     
                  00008562    0000001b     DSP280x_SysCtrl.obj (ramfuncs)

.cinit     0    0000857d    00000016     
                  0000857d    0000000a     rts2800_ml.lib : _lock.obj (.cinit)
                  00008587    0000000a                    : exit.obj (.cinit)
                  00008591    00000002     --HOLE-- [fill = 0]

.reset     0    003fffc0    00000002     DSECT
                  003fffc0    00000002     rts2800_ml.lib : boot.obj (.reset)

vectors    0    003fffc2    00000000     DSECT

.stack     1    00000002    000003fe     UNINITIALIZED
                  00000002    000003fe     --HOLE--

.ebss      1    00000480    00000030     UNINITIALIZED
                  00000480    00000028     LF_Power.obj (.ebss)
                  000004a8    00000004     rts2800_ml.lib : _lock.obj (.ebss)
                  000004ac    00000004                    : exit.obj (.ebss)

DevEmuRegsFile 
*          1    00000880    000000d0     UNINITIALIZED
                  00000880    000000d0     DSP280x_GlobalVariableDefs.obj (DevEmuRegsFile)

FlashRegsFile 
*          1    00000a80    00000008     UNINITIALIZED
                  00000a80    00000008     DSP280x_GlobalVariableDefs.obj (FlashRegsFile)

CsmRegsFile 
*          1    00000ae0    00000010     UNINITIALIZED
                  00000ae0    00000010     DSP280x_GlobalVariableDefs.obj (CsmRegsFile)

AdcMirrorFile 
*          1    00000b00    00000010     UNINITIALIZED
                  00000b00    00000010     DSP280x_GlobalVariableDefs.obj (AdcMirrorFile)

CpuTimer0RegsFile 
*          1    00000c00    00000008     UNINITIALIZED
                  00000c00    00000008     DSP280x_GlobalVariableDefs.obj (CpuTimer0RegsFile)

CpuTimer1RegsFile 
*          1    00000c08    00000008     UNINITIALIZED
                  00000c08    00000008     DSP280x_GlobalVariableDefs.obj (CpuTimer1RegsFile)

CpuTimer2RegsFile 
*          1    00000c10    00000008     UNINITIALIZED
                  00000c10    00000008     DSP280x_GlobalVariableDefs.obj (CpuTimer2RegsFile)

PieCtrlRegsFile 
*          1    00000ce0    0000001a     UNINITIALIZED
                  00000ce0    0000001a     DSP280x_GlobalVariableDefs.obj (PieCtrlRegsFile)

PieVectTableFile 
*          1    00000d00    00000100     UNINITIALIZED
                  00000d00    00000100     DSP280x_GlobalVariableDefs.obj (PieVectTableFile)

ECanaRegsFile 
*          1    00006000    00000034     UNINITIALIZED
                  00006000    00000034     DSP280x_GlobalVariableDefs.obj (ECanaRegsFile)

ECanaLAMRegsFile 
*          1    00006040    00000040     UNINITIALIZED
                  00006040    00000040     DSP280x_GlobalVariableDefs.obj (ECanaLAMRegsFile)

ECanaMOTSRegsFile 
*          1    00006080    00000040     UNINITIALIZED
                  00006080    00000040     DSP280x_GlobalVariableDefs.obj (ECanaMOTSRegsFile)

ECanaMOTORegsFile 
*          1    000060c0    00000040     UNINITIALIZED
                  000060c0    00000040     DSP280x_GlobalVariableDefs.obj (ECanaMOTORegsFile)

ECanaMboxesFile 
*          1    00006100    00000100     UNINITIALIZED
                  00006100    00000100     DSP280x_GlobalVariableDefs.obj (ECanaMboxesFile)

ECanbRegsFile 
*          1    00006200    00000034     UNINITIALIZED
                  00006200    00000034     DSP280x_GlobalVariableDefs.obj (ECanbRegsFile)

ECanbLAMRegsFile 
*          1    00006240    00000040     UNINITIALIZED
                  00006240    00000040     DSP280x_GlobalVariableDefs.obj (ECanbLAMRegsFile)

ECanbMOTSRegsFile 
*          1    00006280    00000040     UNINITIALIZED
                  00006280    00000040     DSP280x_GlobalVariableDefs.obj (ECanbMOTSRegsFile)

ECanbMOTORegsFile 
*          1    000062c0    00000040     UNINITIALIZED
                  000062c0    00000040     DSP280x_GlobalVariableDefs.obj (ECanbMOTORegsFile)

ECanbMboxesFile 
*          1    00006300    00000100     UNINITIALIZED
                  00006300    00000100     DSP280x_GlobalVariableDefs.obj (ECanbMboxesFile)

EPwm1RegsFile 
*          1    00006800    00000022     UNINITIALIZED
                  00006800    00000022     DSP280x_GlobalVariableDefs.obj (EPwm1RegsFile)

EPwm2RegsFile 
*          1    00006840    00000022     UNINITIALIZED
                  00006840    00000022     DSP280x_GlobalVariableDefs.obj (EPwm2RegsFile)

EPwm3RegsFile 
*          1    00006880    00000022     UNINITIALIZED
                  00006880    00000022     DSP280x_GlobalVariableDefs.obj (EPwm3RegsFile)

EPwm4RegsFile 
*          1    000068c0    00000022     UNINITIALIZED
                  000068c0    00000022     DSP280x_GlobalVariableDefs.obj (EPwm4RegsFile)

EPwm5RegsFile 
*          1    00006900    00000022     UNINITIALIZED
                  00006900    00000022     DSP280x_GlobalVariableDefs.obj (EPwm5RegsFile)

EPwm6RegsFile 
*          1    00006940    00000022     UNINITIALIZED
                  00006940    00000022     DSP280x_GlobalVariableDefs.obj (EPwm6RegsFile)

ECap1RegsFile 
*          1    00006a00    00000020     UNINITIALIZED
                  00006a00    00000020     DSP280x_GlobalVariableDefs.obj (ECap1RegsFile)

ECap2RegsFile 
*          1    00006a20    00000020     UNINITIALIZED
                  00006a20    00000020     DSP280x_GlobalVariableDefs.obj (ECap2RegsFile)

ECap3RegsFile 
*          1    00006a40    00000020     UNINITIALIZED
                  00006a40    00000020     DSP280x_GlobalVariableDefs.obj (ECap3RegsFile)

ECap4RegsFile 
*          1    00006a60    00000020     UNINITIALIZED
                  00006a60    00000020     DSP280x_GlobalVariableDefs.obj (ECap4RegsFile)

EQep1RegsFile 
*          1    00006b00    00000040     UNINITIALIZED
                  00006b00    00000040     DSP280x_GlobalVariableDefs.obj (EQep1RegsFile)

EQep2RegsFile 
*          1    00006b40    00000040     UNINITIALIZED
                  00006b40    00000040     DSP280x_GlobalVariableDefs.obj (EQep2RegsFile)

GpioCtrlRegsFile 
*          1    00006f80    00000040     UNINITIALIZED
                  00006f80    00000040     DSP280x_GlobalVariableDefs.obj (GpioCtrlRegsFile)

GpioDataRegsFile 
*          1    00006fc0    00000020     UNINITIALIZED
                  00006fc0    00000020     DSP280x_GlobalVariableDefs.obj (GpioDataRegsFile)

GpioIntRegsFile 
*          1    00006fe0    0000000a     UNINITIALIZED
                  00006fe0    0000000a     DSP280x_GlobalVariableDefs.obj (GpioIntRegsFile)

SysCtrlRegsFile 
*          1    00007010    00000020     UNINITIALIZED
                  00007010    00000020     DSP280x_GlobalVariableDefs.obj (SysCtrlRegsFile)

SpiaRegsFile 
*          1    00007040    00000010     UNINITIALIZED
                  00007040    00000010     DSP280x_GlobalVariableDefs.obj (SpiaRegsFile)

SciaRegsFile 
*          1    00007050    00000010     UNINITIALIZED
                  00007050    00000010     DSP280x_GlobalVariableDefs.obj (SciaRegsFile)

XIntruptRegsFile 
*          1    00007070    00000010     UNINITIALIZED
                  00007070    00000010     DSP280x_GlobalVariableDefs.obj (XIntruptRegsFile)

AdcRegsFile 
*          1    00007100    0000001e     UNINITIALIZED
                  00007100    0000001e     DSP280x_GlobalVariableDefs.obj (AdcRegsFile)

SpibRegsFile 
*          1    00007740    00000010     UNINITIALIZED
                  00007740    00000010     DSP280x_GlobalVariableDefs.obj (SpibRegsFile)

ScibRegsFile 
*          1    00007750    00000010     UNINITIALIZED
                  00007750    00000010     DSP280x_GlobalVariableDefs.obj (ScibRegsFile)

SpicRegsFile 
*          1    00007760    00000010     UNINITIALIZED
                  00007760    00000010     DSP280x_GlobalVariableDefs.obj (SpicRegsFile)

SpidRegsFile 
*          1    00007780    00000010     UNINITIALIZED
                  00007780    00000010     DSP280x_GlobalVariableDefs.obj (SpidRegsFile)

I2caRegsFile 
*          1    00007900    00000022     UNINITIALIZED
                  00007900    00000022     DSP280x_GlobalVariableDefs.obj (I2caRegsFile)

CsmPwlFile 
*          1    003f7ff8    00000008     UNINITIALIZED
                  003f7ff8    00000008     DSP280x_GlobalVariableDefs.obj (CsmPwlFile)


GLOBAL SYMBOLS: SORTED ALPHABETICALLY BY Name 

address    name
--------   ----
00008000   .text
00008438   C$$EXIT
00008073   _ADCINT_ISR
00000b00   _AdcMirror
00007100   _AdcRegs
00000c00   _CpuTimer0Regs
00000c08   _CpuTimer1Regs
00000c10   _CpuTimer2Regs
003f7ff8   _CsmPwl
00000ae0   _CsmRegs
0000820e   _CsmUnlock
0000800a   _DATALOG_ISR
00000880   _DevEmuRegs
00008157   _DisableDog
00008122   _ECAN0INTA_ISR
0000812c   _ECAN0INTB_ISR
00008127   _ECAN1INTA_ISR
00008131   _ECAN1INTB_ISR
000080be   _ECAP1_INT_ISR
000080c3   _ECAP2_INT_ISR
000080c8   _ECAP3_INT_ISR
000080cd   _ECAP4_INT_ISR
00006040   _ECanaLAMRegs
000060c0   _ECanaMOTORegs
00006080   _ECanaMOTSRegs
00006100   _ECanaMboxes
00006000   _ECanaRegs
00006240   _ECanbLAMRegs
000062c0   _ECanbMOTORegs
00006280   _ECanbMOTSRegs
00006300   _ECanbMboxes
00006200   _ECanbRegs
00006a00   _ECap1Regs
00006a20   _ECap2Regs
00006a40   _ECap3Regs
00006a60   _ECap4Regs
00008136   _EMPTY_ISR
00008014   _EMUINT_ISR
000080a0   _EPWM1_INT_ISR
00008082   _EPWM1_TZINT_ISR
000080a5   _EPWM2_INT_ISR
00008087   _EPWM2_TZINT_ISR
000080aa   _EPWM3_INT_ISR
0000808c   _EPWM3_TZINT_ISR
000080af   _EPWM4_INT_ISR
00008091   _EPWM4_TZINT_ISR
000080b4   _EPWM5_INT_ISR
00008096   _EPWM5_TZINT_ISR
000080b9   _EPWM6_INT_ISR
0000809b   _EPWM6_TZINT_ISR
00006800   _EPwm1Regs
00006840   _EPwm2Regs
00006880   _EPwm3Regs
000068c0   _EPwm4Regs
00006900   _EPwm5Regs
00006940   _EPwm6Regs
000080d2   _EQEP1_INT_ISR
000080d7   _EQEP2_INT_ISR
00006b00   _EQep1Regs
00006b40   _EQep2Regs
000083f6   _EnableInterrupts
00000a80   _FlashRegs
00006f80   _GpioCtrlRegs
00006fc0   _GpioDataRegs
00006fe0   _GpioIntRegs
00008104   _I2CINT1A_ISR
00008109   _I2CINT2A_ISR
00007900   _I2caRegs
0000801e   _ILLEGAL_ISR
00008000   _INT13_ISR
00008005   _INT14_ISR
00008562   _InitFlash
00008194   _InitPeripheralClocks
000083d7   _InitPieCtrl
000083ff   _InitPieVectTable
0000815f   _InitPll
000083a7   _InitSci
000083a8   _InitSciGpio
000083ad   _InitSciaGpio
000083c3   _InitScibGpio
00008145   _InitSysCtrl
00000486   _LoopCount
00008019   _NMI_ISR
0000813b   _PIE_RESERVED
00000ce0   _PieCtrlRegs
00000d00   _PieVectTable
00008462   _PieVectTableInit
0000800f   _RTOSINT_ISR
00000488   _RxBuff
0000810e   _SCIRXINTA_ISR
00008118   _SCIRXINTB_ISR
00008113   _SCITXINTA_ISR
0000811d   _SCITXINTB_ISR
00000482   _SCI_ErrorCount
00000480   _SCI_RXintCount
00000481   _SCI_RxIsrFlag
0000805f   _SEQ1INT_ISR
00008064   _SEQ2INT_ISR
000080dc   _SPIRXINTA_ISR
000080e6   _SPIRXINTB_ISR
000080f0   _SPIRXINTC_ISR
000080fa   _SPIRXINTD_ISR
000080e1   _SPITXINTA_ISR
000080eb   _SPITXINTB_ISR
000080f5   _SPITXINTC_ISR
000080ff   _SPITXINTD_ISR
00007050   _SciaRegs
00007750   _ScibRegs
0000814d   _ServiceDog
00007040   _SpiaRegs
00007740   _SpibRegs
00007760   _SpicRegs
00007780   _SpidRegs
00007010   _SysCtrlRegs
00008078   _TINT0_ISR
00000498   _TxBuff
00008050   _USER10_ISR
00008055   _USER11_ISR
0000805a   _USER12_ISR
00008023   _USER1_ISR
00008028   _USER2_ISR
0000802d   _USER3_ISR
00008032   _USER4_ISR
00008037   _USER5_ISR
0000803c   _USER6_ISR
00008041   _USER7_ISR
00008046   _USER8_ISR
0000804b   _USER9_ISR
0000807d   _WAKEINT_ISR
00008069   _XINT1_ISR
0000806e   _XINT2_ISR
00007070   _XIntruptRegs
0000823f   __InitScibGpio
00000400   __STACK_END
000003fe   __STACK_SIZE
00000001   __TI_args_main
ffffffff   ___binit__
ffffffff   ___c_args__
0000857d   ___cinit__
00008462   ___etext__
ffffffff   ___pinit__
00008000   ___text__
0000841f   __args_main
000004ac   __cleanup_ptr
000004ae   __dtors_ptr
000004aa   __lock
00008459   __nop
00008455   __register_lock
00008451   __register_unlock
00000002   __stack
000004a8   __unlock
00008438   _abort
0000832f   _c_int00
0000843a   _exit
00000484   _i
00008253   _main
00008140   _rsvd_ISR
00008373   _sciaRxFifoIsr
00008306   _scia_Tx
ffffffff   binit
0000857d   cinit
00000000   code_start
00008462   etext
ffffffff   pinit


GLOBAL SYMBOLS: SORTED BY Symbol Address 

address    name
--------   ----
00000000   code_start
00000001   __TI_args_main
00000002   __stack
000003fe   __STACK_SIZE
00000400   __STACK_END
00000480   _SCI_RXintCount
00000481   _SCI_RxIsrFlag
00000482   _SCI_ErrorCount
00000484   _i
00000486   _LoopCount
00000488   _RxBuff
00000498   _TxBuff
000004a8   __unlock
000004aa   __lock
000004ac   __cleanup_ptr
000004ae   __dtors_ptr
00000880   _DevEmuRegs
00000a80   _FlashRegs
00000ae0   _CsmRegs
00000b00   _AdcMirror
00000c00   _CpuTimer0Regs
00000c08   _CpuTimer1Regs
00000c10   _CpuTimer2Regs
00000ce0   _PieCtrlRegs
00000d00   _PieVectTable
00006000   _ECanaRegs
00006040   _ECanaLAMRegs
00006080   _ECanaMOTSRegs
000060c0   _ECanaMOTORegs
00006100   _ECanaMboxes
00006200   _ECanbRegs
00006240   _ECanbLAMRegs
00006280   _ECanbMOTSRegs
000062c0   _ECanbMOTORegs
00006300   _ECanbMboxes
00006800   _EPwm1Regs
00006840   _EPwm2Regs
00006880   _EPwm3Regs
000068c0   _EPwm4Regs
00006900   _EPwm5Regs
00006940   _EPwm6Regs
00006a00   _ECap1Regs
00006a20   _ECap2Regs
00006a40   _ECap3Regs
00006a60   _ECap4Regs
00006b00   _EQep1Regs
00006b40   _EQep2Regs
00006f80   _GpioCtrlRegs
00006fc0   _GpioDataRegs
00006fe0   _GpioIntRegs
00007010   _SysCtrlRegs
00007040   _SpiaRegs
00007050   _SciaRegs
00007070   _XIntruptRegs
00007100   _AdcRegs
00007740   _SpibRegs
00007750   _ScibRegs
00007760   _SpicRegs
00007780   _SpidRegs
00007900   _I2caRegs
00008000   .text
00008000   _INT13_ISR
00008000   ___text__
00008005   _INT14_ISR
0000800a   _DATALOG_ISR
0000800f   _RTOSINT_ISR
00008014   _EMUINT_ISR
00008019   _NMI_ISR
0000801e   _ILLEGAL_ISR
00008023   _USER1_ISR
00008028   _USER2_ISR
0000802d   _USER3_ISR
00008032   _USER4_ISR
00008037   _USER5_ISR
0000803c   _USER6_ISR
00008041   _USER7_ISR
00008046   _USER8_ISR
0000804b   _USER9_ISR
00008050   _USER10_ISR
00008055   _USER11_ISR
0000805a   _USER12_ISR
0000805f   _SEQ1INT_ISR
00008064   _SEQ2INT_ISR
00008069   _XINT1_ISR
0000806e   _XINT2_ISR
00008073   _ADCINT_ISR
00008078   _TINT0_ISR
0000807d   _WAKEINT_ISR
00008082   _EPWM1_TZINT_ISR
00008087   _EPWM2_TZINT_ISR
0000808c   _EPWM3_TZINT_ISR
00008091   _EPWM4_TZINT_ISR
00008096   _EPWM5_TZINT_ISR
0000809b   _EPWM6_TZINT_ISR
000080a0   _EPWM1_INT_ISR
000080a5   _EPWM2_INT_ISR
000080aa   _EPWM3_INT_ISR
000080af   _EPWM4_INT_ISR
000080b4   _EPWM5_INT_ISR
000080b9   _EPWM6_INT_ISR
000080be   _ECAP1_INT_ISR
000080c3   _ECAP2_INT_ISR
000080c8   _ECAP3_INT_ISR
000080cd   _ECAP4_INT_ISR
000080d2   _EQEP1_INT_ISR
000080d7   _EQEP2_INT_ISR
000080dc   _SPIRXINTA_ISR
000080e1   _SPITXINTA_ISR
000080e6   _SPIRXINTB_ISR
000080eb   _SPITXINTB_ISR
000080f0   _SPIRXINTC_ISR
000080f5   _SPITXINTC_ISR
000080fa   _SPIRXINTD_ISR
000080ff   _SPITXINTD_ISR
00008104   _I2CINT1A_ISR
00008109   _I2CINT2A_ISR
0000810e   _SCIRXINTA_ISR
00008113   _SCITXINTA_ISR
00008118   _SCIRXINTB_ISR
0000811d   _SCITXINTB_ISR
00008122   _ECAN0INTA_ISR
00008127   _ECAN1INTA_ISR
0000812c   _ECAN0INTB_ISR
00008131   _ECAN1INTB_ISR
00008136   _EMPTY_ISR
0000813b   _PIE_RESERVED
00008140   _rsvd_ISR
00008145   _InitSysCtrl
0000814d   _ServiceDog
00008157   _DisableDog
0000815f   _InitPll
00008194   _InitPeripheralClocks
0000820e   _CsmUnlock
0000823f   __InitScibGpio
00008253   _main
00008306   _scia_Tx
0000832f   _c_int00
00008373   _sciaRxFifoIsr
000083a7   _InitSci
000083a8   _InitSciGpio
000083ad   _InitSciaGpio
000083c3   _InitScibGpio
000083d7   _InitPieCtrl
000083f6   _EnableInterrupts
000083ff   _InitPieVectTable
0000841f   __args_main
00008438   C$$EXIT
00008438   _abort
0000843a   _exit
00008451   __register_unlock
00008455   __register_lock
00008459   __nop
00008462   _PieVectTableInit
00008462   ___etext__
00008462   etext
00008562   _InitFlash
0000857d   ___cinit__
0000857d   cinit
003f7ff8   _CsmPwl
ffffffff   ___binit__
ffffffff   ___c_args__
ffffffff   ___pinit__
ffffffff   binit
ffffffff   pinit

[164 symbols]
