******************************************************************************
             TMS320C2000 Linker PC v6.1.3                      
******************************************************************************
>> Linked Fri Mar 07 11:49:11 2014

OUTPUT FILE NAME:   <{SRC_ROOT}/Debug/LF_Power.out>
ENTRY POINT SYMBOL: "_c_int00"  address: 003f4f18


MEMORY CONFIGURATION

         name            origin    length      used     unused   attr    fill
----------------------  --------  ---------  --------  --------  ----  --------
PAGE 0:
  RAML0                 00008000   00001000  0000077e  00000882  RWIX
  OTP                   003d7800   00000400  00000000  00000400  RWIX
  FLASHD                003f4000   00001500  00001247  000002b9  RWIX
  FLASHC                003f5500   00000500  00000000  00000500  RWIX
  FLASHA                003f7000   00000f80  00000992  000005ee  RWIX
  CSM_RSVD              003f7f80   00000076  00000000  00000076  RWIX
  BEGIN                 003f7ff6   00000002  00000002  00000000  RWIX
  CSM_PWL               003f7ff8   00000008  00000000  00000008  RWIX
  ROM                   003ff000   00000fc0  00000000  00000fc0  RWIX
  RESET                 003fffc0   00000002  00000000  00000002  RWIX
  VECTORS               003fffc2   0000003e  00000000  0000003e  RWIX

PAGE 1:
  RAMM0                 00000002   000003fe  000003fe  00000000  RWIX
  RAMM1                 00000400   00000400  00000340  000000c0  RWIX
  DEV_EMU               00000880   00000180  000000d0  000000b0  RWIX
  FLASH_REGS            00000a80   00000060  00000008  00000058  RWIX
  CSM                   00000ae0   00000010  00000010  00000000  RWIX
  ADC_MIRROR            00000b00   00000010  00000010  00000000  RWIX
  CPU_TIMER0            00000c00   00000008  00000008  00000000  RWIX
  CPU_TIMER1            00000c08   00000008  00000008  00000000  RWIX
  CPU_TIMER2            00000c10   00000008  00000008  00000000  RWIX
  PIE_CTRL              00000ce0   00000020  0000001a  00000006  RWIX
  PIE_VECT              00000d00   00000100  00000100  00000000  RWIX
  ECANA                 00006000   00000040  00000034  0000000c  RWIX
  ECANA_LAM             00006040   00000040  00000040  00000000  RWIX
  ECANA_MOTS            00006080   00000040  00000040  00000000  RWIX
  ECANA_MOTO            000060c0   00000040  00000040  00000000  RWIX
  ECANA_MBOX            00006100   00000100  00000100  00000000  RWIX
  ECANB                 00006200   00000040  00000034  0000000c  RWIX
  ECANB_LAM             00006240   00000040  00000040  00000000  RWIX
  ECANB_MOTS            00006280   00000040  00000040  00000000  RWIX
  ECANB_MOTO            000062c0   00000040  00000040  00000000  RWIX
  ECANB_MBOX            00006300   00000100  00000100  00000000  RWIX
  EPWM1                 00006800   00000022  00000022  00000000  RWIX
  EPWM2                 00006840   00000022  00000022  00000000  RWIX
  EPWM3                 00006880   00000022  00000022  00000000  RWIX
  EPWM4                 000068c0   00000022  00000022  00000000  RWIX
  EPWM5                 00006900   00000022  00000022  00000000  RWIX
  EPWM6                 00006940   00000022  00000022  00000000  RWIX
  ECAP1                 00006a00   00000020  00000020  00000000  RWIX
  ECAP2                 00006a20   00000020  00000020  00000000  RWIX
  ECAP3                 00006a40   00000020  00000020  00000000  RWIX
  ECAP4                 00006a60   00000020  00000020  00000000  RWIX
  EQEP1                 00006b00   00000040  00000040  00000000  RWIX
  EQEP2                 00006b40   00000040  00000040  00000000  RWIX
  GPIOCTRL              00006f80   00000040  00000040  00000000  RWIX
  GPIODAT               00006fc0   00000020  00000020  00000000  RWIX
  GPIOINT               00006fe0   00000020  0000000a  00000016  RWIX
  SYSTEM                00007010   00000020  00000020  00000000  RWIX
  SPIA                  00007040   00000010  00000010  00000000  RWIX
  SCIA                  00007050   00000010  00000010  00000000  RWIX
  XINTRUPT              00007070   00000010  00000010  00000000  RWIX
  ADC                   00007100   00000020  0000001e  00000002  RWIX
  SPIB                  00007740   00000010  00000010  00000000  RWIX
  SCIB                  00007750   00000010  00000010  00000000  RWIX
  SPIC                  00007760   00000010  00000010  00000000  RWIX
  SPID                  00007780   00000010  00000010  00000000  RWIX
  I2CA                  00007900   00000040  00000022  0000001e  RWIX
  FLASHB                003f6000   00001000  00000000  00001000  RWIX
  CSM_PWL               003f7ff8   00000008  00000008  00000000  RWIX


SECTION ALLOCATION MAP

 output                                  attributes/
section   page    origin      length       input sections
--------  ----  ----------  ----------   ----------------
.pinit     0    003f7000    00000000     UNINITIALIZED

.text      0    003f4000    00001247     
                  003f4000    0000043e     PwmAdc.obj (.text)
                  003f443e    00000353     LF_Power.obj (.text)
                  003f4791    00000145     DSP280x_DefaultIsr.obj (.text:retain)
                  003f48d6    000000ba     DSP280x_SysCtrl.obj (.text)
                  003f4990    0000009e     rts2800_ml.lib : exp.obj (.text)
                  003f4a2e    0000009c                    : fd_add.obj (.text)
                  003f4aca    00000092     PwmAdc.obj (.text:retain)
                  003f4b5c    0000008d     rts2800_ml.lib : _log.obj (.text)
                  003f4be9    0000008b                    : fd_div.obj (.text)
                  003f4c74    00000083                    : fd_mpy.obj (.text)
                  003f4cf7    00000083                    : fs_div.obj (.text)
                  003f4d7a    00000083                    : pow.obj (.text)
                  003f4dfd    00000078                    : fs_add.obj (.text)
                  003f4e75    0000005a                    : fs_mpy.obj (.text)
                  003f4ecf    00000049     DSP280x_CpuTimers.obj (.text)
                  003f4f18    00000044     rts2800_ml.lib : boot.obj (.text)
                  003f4f5c    00000041                    : ldexp.obj (.text)
                  003f4f9d    00000030     DSP280x_Sci.obj (.text)
                  003f4fcd    0000002a     rts2800_ml.lib : fd_cmp.obj (.text)
                  003f4ff7    0000002a                    : l_div.obj (.text)
                  003f5021    00000029                    : fs_tol.obj (.text)
                  003f504a    00000028     DSP280x_PieCtrl.obj (.text)
                  003f5072    00000025     rts2800_ml.lib : fs_toi.obj (.text)
                  003f5097    00000022                    : i_div.obj (.text)
                  003f50b9    00000021                    : fs_toul.obj (.text)
                  003f50da    00000021                    : memcpy_ff.obj (.text)
                  003f50fb    00000020     DSP280x_PieVect.obj (.text)
                  003f511b    0000001f     rts2800_ml.lib : fd_tol.obj (.text)
                  003f513a    0000001c                    : l_tofd.obj (.text)
                  003f5156    0000001a                    : fd_tou.obj (.text)
                  003f5170    0000001a                    : i_tofs.obj (.text)
                  003f518a    00000019                    : args_main.obj (.text)
                  003f51a3    00000019                    : exit.obj (.text)
                  003f51bc    00000017                    : fs_cmp.obj (.text)
                  003f51d3    00000017                    : u_tofd.obj (.text)
                  003f51ea    00000015     DSP280x_MemCopy.obj (.text)
                  003f51ff    00000014     rts2800_ml.lib : frexp.obj (.text)
                  003f5213    00000010                    : u_tofs.obj (.text)
                  003f5223    0000000a     DSP280x_Adc.obj (.text)
                  003f522d    00000009     rts2800_ml.lib : _lock.obj (.text)
                  003f5236    00000008     DSP280x_CodeStartBranch.obj (.text)
                  003f523e    00000005     rts2800_ml.lib : fs_neg.obj (.text)
                  003f5243    00000004     DSP280x_usDelay.obj (.text)

ramfuncs   0    003f7000    0000077e     RUN ADDR = 00008000
                  003f7000    000006fe     LF_Power.obj (ramfuncs)
                  003f76fe    00000065     LF_Power.obj (ramfuncs:retain)
                  003f7763    0000001b     DSP280x_SysCtrl.obj (ramfuncs)

.econst    0    003f777e    0000015c     
                  003f777e    00000100     DSP280x_PieVect.obj (.econst)
                  003f787e    0000002c     LF_Power.obj (.econst:.string)
                  003f78aa    00000020     PwmAdc.obj (.econst)
                  003f78ca    00000010     LF_Power.obj (.econst)

.cinit     0    003f78da    000000b8     
                  003f78da    00000055     LF_Power.obj (.cinit)
                  003f792f    00000049     PwmAdc.obj (.cinit)
                  003f7978    0000000a     rts2800_ml.lib : _lock.obj (.cinit)
                  003f7982    0000000a                    : exit.obj (.cinit)
                  003f798c    00000004                    : errno.obj (.cinit)
                  003f7990    00000002     --HOLE-- [fill = 0]

codestart 
*          0    003f7ff6    00000002     
                  003f7ff6    00000002     DSP280x_CodeStartBranch.obj (codestart)

.reset     0    003fffc0    00000002     DSECT
                  003fffc0    00000002     rts2800_ml.lib : boot.obj (.reset)

vectors    0    003fffc2    00000000     DSECT

.stack     1    00000002    000003fe     UNINITIALIZED
                  00000002    000003fe     --HOLE--

.ebss      1    00000400    00000340     UNINITIALIZED
                  00000400    00000208     PwmAdc.obj (.ebss)
                  00000608    00000008     DSP280x_CpuTimers.obj (.ebss)
                  00000610    00000004     rts2800_ml.lib : _lock.obj (.ebss)
                  00000614    00000004                    : exit.obj (.ebss)
                  00000618    00000001                    : errno.obj (.ebss)
                  00000619    00000027     --HOLE--
                  00000640    00000100     LF_Power.obj (.ebss)

DevEmuRegsFile 
*          1    00000880    000000d0     UNINITIALIZED
                  00000880    000000d0     DSP280x_GlobalVariableDefs.obj (DevEmuRegsFile)

FlashRegsFile 
*          1    00000a80    00000008     UNINITIALIZED
                  00000a80    00000008     DSP280x_GlobalVariableDefs.obj (FlashRegsFile)

CsmRegsFile 
*          1    00000ae0    00000010     UNINITIALIZED
                  00000ae0    00000010     DSP280x_GlobalVariableDefs.obj (CsmRegsFile)

AdcMirrorFile 
*          1    00000b00    00000010     UNINITIALIZED
                  00000b00    00000010     DSP280x_GlobalVariableDefs.obj (AdcMirrorFile)

CpuTimer0RegsFile 
*          1    00000c00    00000008     UNINITIALIZED
                  00000c00    00000008     DSP280x_GlobalVariableDefs.obj (CpuTimer0RegsFile)

CpuTimer1RegsFile 
*          1    00000c08    00000008     UNINITIALIZED
                  00000c08    00000008     DSP280x_GlobalVariableDefs.obj (CpuTimer1RegsFile)

CpuTimer2RegsFile 
*          1    00000c10    00000008     UNINITIALIZED
                  00000c10    00000008     DSP280x_GlobalVariableDefs.obj (CpuTimer2RegsFile)

PieCtrlRegsFile 
*          1    00000ce0    0000001a     UNINITIALIZED
                  00000ce0    0000001a     DSP280x_GlobalVariableDefs.obj (PieCtrlRegsFile)

PieVectTableFile 
*          1    00000d00    00000100     UNINITIALIZED
                  00000d00    00000100     DSP280x_GlobalVariableDefs.obj (PieVectTableFile)

ECanaRegsFile 
*          1    00006000    00000034     UNINITIALIZED
                  00006000    00000034     DSP280x_GlobalVariableDefs.obj (ECanaRegsFile)

ECanaLAMRegsFile 
*          1    00006040    00000040     UNINITIALIZED
                  00006040    00000040     DSP280x_GlobalVariableDefs.obj (ECanaLAMRegsFile)

ECanaMOTSRegsFile 
*          1    00006080    00000040     UNINITIALIZED
                  00006080    00000040     DSP280x_GlobalVariableDefs.obj (ECanaMOTSRegsFile)

ECanaMOTORegsFile 
*          1    000060c0    00000040     UNINITIALIZED
                  000060c0    00000040     DSP280x_GlobalVariableDefs.obj (ECanaMOTORegsFile)

ECanaMboxesFile 
*          1    00006100    00000100     UNINITIALIZED
                  00006100    00000100     DSP280x_GlobalVariableDefs.obj (ECanaMboxesFile)

ECanbRegsFile 
*          1    00006200    00000034     UNINITIALIZED
                  00006200    00000034     DSP280x_GlobalVariableDefs.obj (ECanbRegsFile)

ECanbLAMRegsFile 
*          1    00006240    00000040     UNINITIALIZED
                  00006240    00000040     DSP280x_GlobalVariableDefs.obj (ECanbLAMRegsFile)

ECanbMOTSRegsFile 
*          1    00006280    00000040     UNINITIALIZED
                  00006280    00000040     DSP280x_GlobalVariableDefs.obj (ECanbMOTSRegsFile)

ECanbMOTORegsFile 
*          1    000062c0    00000040     UNINITIALIZED
                  000062c0    00000040     DSP280x_GlobalVariableDefs.obj (ECanbMOTORegsFile)

ECanbMboxesFile 
*          1    00006300    00000100     UNINITIALIZED
                  00006300    00000100     DSP280x_GlobalVariableDefs.obj (ECanbMboxesFile)

EPwm1RegsFile 
*          1    00006800    00000022     UNINITIALIZED
                  00006800    00000022     DSP280x_GlobalVariableDefs.obj (EPwm1RegsFile)

EPwm2RegsFile 
*          1    00006840    00000022     UNINITIALIZED
                  00006840    00000022     DSP280x_GlobalVariableDefs.obj (EPwm2RegsFile)

EPwm3RegsFile 
*          1    00006880    00000022     UNINITIALIZED
                  00006880    00000022     DSP280x_GlobalVariableDefs.obj (EPwm3RegsFile)

EPwm4RegsFile 
*          1    000068c0    00000022     UNINITIALIZED
                  000068c0    00000022     DSP280x_GlobalVariableDefs.obj (EPwm4RegsFile)

EPwm5RegsFile 
*          1    00006900    00000022     UNINITIALIZED
                  00006900    00000022     DSP280x_GlobalVariableDefs.obj (EPwm5RegsFile)

EPwm6RegsFile 
*          1    00006940    00000022     UNINITIALIZED
                  00006940    00000022     DSP280x_GlobalVariableDefs.obj (EPwm6RegsFile)

ECap1RegsFile 
*          1    00006a00    00000020     UNINITIALIZED
                  00006a00    00000020     DSP280x_GlobalVariableDefs.obj (ECap1RegsFile)

ECap2RegsFile 
*          1    00006a20    00000020     UNINITIALIZED
                  00006a20    00000020     DSP280x_GlobalVariableDefs.obj (ECap2RegsFile)

ECap3RegsFile 
*          1    00006a40    00000020     UNINITIALIZED
                  00006a40    00000020     DSP280x_GlobalVariableDefs.obj (ECap3RegsFile)

ECap4RegsFile 
*          1    00006a60    00000020     UNINITIALIZED
                  00006a60    00000020     DSP280x_GlobalVariableDefs.obj (ECap4RegsFile)

EQep1RegsFile 
*          1    00006b00    00000040     UNINITIALIZED
                  00006b00    00000040     DSP280x_GlobalVariableDefs.obj (EQep1RegsFile)

EQep2RegsFile 
*          1    00006b40    00000040     UNINITIALIZED
                  00006b40    00000040     DSP280x_GlobalVariableDefs.obj (EQep2RegsFile)

GpioCtrlRegsFile 
*          1    00006f80    00000040     UNINITIALIZED
                  00006f80    00000040     DSP280x_GlobalVariableDefs.obj (GpioCtrlRegsFile)

GpioDataRegsFile 
*          1    00006fc0    00000020     UNINITIALIZED
                  00006fc0    00000020     DSP280x_GlobalVariableDefs.obj (GpioDataRegsFile)

GpioIntRegsFile 
*          1    00006fe0    0000000a     UNINITIALIZED
                  00006fe0    0000000a     DSP280x_GlobalVariableDefs.obj (GpioIntRegsFile)

SysCtrlRegsFile 
*          1    00007010    00000020     UNINITIALIZED
                  00007010    00000020     DSP280x_GlobalVariableDefs.obj (SysCtrlRegsFile)

SpiaRegsFile 
*          1    00007040    00000010     UNINITIALIZED
                  00007040    00000010     DSP280x_GlobalVariableDefs.obj (SpiaRegsFile)

SciaRegsFile 
*          1    00007050    00000010     UNINITIALIZED
                  00007050    00000010     DSP280x_GlobalVariableDefs.obj (SciaRegsFile)

XIntruptRegsFile 
*          1    00007070    00000010     UNINITIALIZED
                  00007070    00000010     DSP280x_GlobalVariableDefs.obj (XIntruptRegsFile)

AdcRegsFile 
*          1    00007100    0000001e     UNINITIALIZED
                  00007100    0000001e     DSP280x_GlobalVariableDefs.obj (AdcRegsFile)

SpibRegsFile 
*          1    00007740    00000010     UNINITIALIZED
                  00007740    00000010     DSP280x_GlobalVariableDefs.obj (SpibRegsFile)

ScibRegsFile 
*          1    00007750    00000010     UNINITIALIZED
                  00007750    00000010     DSP280x_GlobalVariableDefs.obj (ScibRegsFile)

SpicRegsFile 
*          1    00007760    00000010     UNINITIALIZED
                  00007760    00000010     DSP280x_GlobalVariableDefs.obj (SpicRegsFile)

SpidRegsFile 
*          1    00007780    00000010     UNINITIALIZED
                  00007780    00000010     DSP280x_GlobalVariableDefs.obj (SpidRegsFile)

I2caRegsFile 
*          1    00007900    00000022     UNINITIALIZED
                  00007900    00000022     DSP280x_GlobalVariableDefs.obj (I2caRegsFile)

CsmPwlFile 
*          1    003f7ff8    00000008     UNINITIALIZED
                  003f7ff8    00000008     DSP280x_GlobalVariableDefs.obj (CsmPwlFile)


GLOBAL SYMBOLS: SORTED ALPHABETICALLY BY Name 

address    name
--------   ----
003f4000   .text
003f51a3   C$$EXIT
003f4a2e   FD$$ADD
003f4fcd   FD$$CMP
003f4be9   FD$$DIV
003f4c74   FD$$MPY
003f511b   FD$$TOL
003f5156   FD$$TOU
003f4e02   FS$$ADD
003f51bc   FS$$CMP
003f4cf7   FS$$DIV
003f4e75   FS$$MPY
003f523e   FS$$NEG
003f4dfd   FS$$SUB
003f5072   FS$$TOI
003f5021   FS$$TOL
003f50b9   FS$$TOUL
003f5097   I$$DIV
003f50a8   I$$MOD
003f5170   I$$TOFS
003f4ff7   L$$DIV
003f5006   L$$MOD
003f513a   L$$TOFD
003f51d3   U$$TOFD
003f5213   U$$TOFS
003f5014   UL$$DIV
003f501b   UL$$MOD
003f4804   _ADCINT_ISR
00000b00   _AdcMirror
00007100   _AdcRegs
003f457b   _CalCheckSum_Base64
003f41ec   _CalEC_OneCycle
003f44c5   _Code10_To_Int
003f4490   _Code64_To_Int
003f4ee4   _ConfigCpuTimer
00000608   _CpuTimer0
00000c00   _CpuTimer0Regs
00000c08   _CpuTimer1Regs
00000c10   _CpuTimer2Regs
003f7ff8   _CsmPwl
00000ae0   _CsmRegs
003f495f   _CsmUnlock
003f479b   _DATALOG_ISR
003f5243   _DSP28x_usDelay
00000880   _DevEmuRegs
003f48e9   _DisableDog
003f48b3   _ECAN0INTA_ISR
003f48bd   _ECAN0INTB_ISR
003f48b8   _ECAN1INTA_ISR
003f48c2   _ECAN1INTB_ISR
003f484f   _ECAP1_INT_ISR
003f4854   _ECAP2_INT_ISR
003f4859   _ECAP3_INT_ISR
003f485e   _ECAP4_INT_ISR
00006040   _ECanaLAMRegs
000060c0   _ECanaMOTORegs
00006080   _ECanaMOTSRegs
00006100   _ECanaMboxes
00006000   _ECanaRegs
00006240   _ECanbLAMRegs
000062c0   _ECanbMOTORegs
00006280   _ECanbMOTSRegs
00006300   _ECanbMboxes
00006200   _ECanbRegs
00006a00   _ECap1Regs
00006a20   _ECap2Regs
00006a40   _ECap3Regs
00006a60   _ECap4Regs
003f48c7   _EMPTY_ISR
003f47a5   _EMUINT_ISR
003f4831   _EPWM1_INT_ISR
003f4813   _EPWM1_TZINT_ISR
003f4836   _EPWM2_INT_ISR
003f4818   _EPWM2_TZINT_ISR
003f483b   _EPWM3_INT_ISR
003f481d   _EPWM3_TZINT_ISR
003f4840   _EPWM4_INT_ISR
003f4822   _EPWM4_TZINT_ISR
003f4845   _EPWM5_INT_ISR
003f4827   _EPWM5_TZINT_ISR
003f484a   _EPWM6_INT_ISR
003f482c   _EPWM6_TZINT_ISR
00006800   _EPwm1Regs
00006840   _EPwm2Regs
00006880   _EPwm3Regs
000068c0   _EPwm4Regs
00006900   _EPwm5Regs
00006940   _EPwm6Regs
003f4863   _EQEP1_INT_ISR
003f4868   _EQEP2_INT_ISR
00006b00   _EQep1Regs
00006b40   _EQep2Regs
003f5069   _EnableInterrupts
00000a80   _FlashRegs
003f433b   _GetEC_OneCycle
003f416a   _GetPwm
00006f80   _GpioCtrlRegs
00006fc0   _GpioDataRegs
00006fe0   _GpioIntRegs
003f4895   _I2CINT1A_ISR
003f489a   _I2CINT2A_ISR
00007900   _I2caRegs
003f47af   _ILLEGAL_ISR
003f4791   _INT13_ISR
003f4796   _INT14_ISR
003f5223   _InitAdc
003f4ecf   _InitCpuTimers
00008763   _InitFlash
003f4921   _InitPeripheralClocks
003f504a   _InitPieCtrl
003f50fb   _InitPieVectTable
003f48f1   _InitPll
003f40c3   _InitPwmAdc
003f4f9d   _InitSci
003f4f9e   _InitSciGpio
003f4fa3   _InitSciaGpio
003f4fb9   _InitScibGpio
003f48d6   _InitSysCtrl
003f4452   _Init_Gpio
003f45c0   _Init_Scib
003f443e   _Init_ScibGpio
003f452f   _Int_To_Code10
003f44fa   _Int_To_Code64
003f4aca   _Isr_Adc
003f4b17   _Isr_CpuTimer0
000086fe   _Isr_Scib_RxFifo
00008000   _Main_Loop
003f51ea   _MemCopy
003f47aa   _NMI_ISR
003f48cc   _PIE_RESERVED
00000ce0   _PieCtrlRegs
00000d00   _PieVectTable
003f777e   _PieVectTableInit
003f47a0   _RTOSINT_ISR
003f777e   _RamfuncsLoadEnd
003f7000   _RamfuncsLoadStart
00008000   _RamfuncsRunStart
003f440a   _ResetECData
003f43ef   _ResetPwm
003f45ea   _RunPowerControl
003f489f   _SCIRXINTA_ISR
003f48a9   _SCIRXINTB_ISR
003f48a4   _SCITXINTA_ISR
003f48ae   _SCITXINTB_ISR
003f47f0   _SEQ1INT_ISR
003f47f5   _SEQ2INT_ISR
003f486d   _SPIRXINTA_ISR
003f4877   _SPIRXINTB_ISR
003f4881   _SPIRXINTC_ISR
003f488b   _SPIRXINTD_ISR
003f4872   _SPITXINTA_ISR
003f487c   _SPITXINTB_ISR
003f4886   _SPITXINTC_ISR
003f4890   _SPITXINTD_ISR
00007050   _SciaRegs
00007750   _ScibRegs
003f445e   _Scib_Tx
003f4477   _Scib_Tx_Byte
003f48df   _ServiceDog
003f4712   _SetPower
003f40ca   _SetPwm
003f4421   _Sleep10us
003f418b   _Sort_EC
00007040   _SpiaRegs
00007740   _SpibRegs
00007760   _SpicRegs
00007780   _SpidRegs
00007010   _SysCtrlRegs
003f4809   _TINT0_ISR
003f46f4   _TurnPowerOn
003f459a   _Tx_Cmd
003f47e1   _USER10_ISR
003f47e6   _USER11_ISR
003f47eb   _USER12_ISR
003f47b4   _USER1_ISR
003f47b9   _USER2_ISR
003f47be   _USER3_ISR
003f47c3   _USER4_ISR
003f47c8   _USER5_ISR
003f47cd   _USER6_ISR
003f47d2   _USER7_ISR
003f47d7   _USER8_ISR
003f47dc   _USER9_ISR
003f480e   _WAKEINT_ISR
003f47fa   _XINT1_ISR
003f47ff   _XINT2_ISR
00007070   _XIntruptRegs
00000400   __STACK_END
000003fe   __STACK_SIZE
00000001   __TI_args_main
ffffffff   ___binit__
ffffffff   ___c_args__
003f78da   ___cinit__
003f5247   ___etext__
003f50da   ___memcpy_ff
ffffffff   ___pinit__
003f4000   ___text__
003f518a   __args_main
00000614   __cleanup_ptr
00000616   __dtors_ptr
00000612   __lock
003f4b5c   __log
003f5235   __nop
003f5231   __register_lock
003f522d   __register_unlock
00000002   __stack
00000610   __unlock
003f51a3   _abort
003f4f18   _c_int00
00000618   _errno
003f51a5   _exit
003f4990   _exp
003f51ff   _frexp
000006c0   _gRxBuf
00000700   _gRxCmdBuf
00000642   _gisPower_MinLimit_On
00000641   _gisPower_On
00000644   _gisRxCmd
00000650   _gnInterlock_OverCurrent
0000065a   _gnMonitoringTime
00000643   _gnOpMode
00000652   _gnPower_ChangeTime
0000064c   _gnPower_MV
00000648   _gnPower_PV
0000064a   _gnPower_SV
00000654   _gnRX_SV
00000646   _gnRxBufPos
0000064e   _gnRxCmdSize
00000658   _gnSCI_RxErrorCnt
0000040e   _gnTimer_10us
003f4f5c   _ldexp
003f474a   _main
003f4d7a   _pow
003f48d1   _rsvd_ISR
ffffffff   binit
003f78da   cinit
003f7ff6   code_start
003f5247   etext
ffffffff   pinit


GLOBAL SYMBOLS: SORTED BY Symbol Address 

address    name
--------   ----
00000001   __TI_args_main
00000002   __stack
000003fe   __STACK_SIZE
00000400   __STACK_END
0000040e   _gnTimer_10us
00000608   _CpuTimer0
00000610   __unlock
00000612   __lock
00000614   __cleanup_ptr
00000616   __dtors_ptr
00000618   _errno
00000641   _gisPower_On
00000642   _gisPower_MinLimit_On
00000643   _gnOpMode
00000644   _gisRxCmd
00000646   _gnRxBufPos
00000648   _gnPower_PV
0000064a   _gnPower_SV
0000064c   _gnPower_MV
0000064e   _gnRxCmdSize
00000650   _gnInterlock_OverCurrent
00000652   _gnPower_ChangeTime
00000654   _gnRX_SV
00000658   _gnSCI_RxErrorCnt
0000065a   _gnMonitoringTime
000006c0   _gRxBuf
00000700   _gRxCmdBuf
00000880   _DevEmuRegs
00000a80   _FlashRegs
00000ae0   _CsmRegs
00000b00   _AdcMirror
00000c00   _CpuTimer0Regs
00000c08   _CpuTimer1Regs
00000c10   _CpuTimer2Regs
00000ce0   _PieCtrlRegs
00000d00   _PieVectTable
00006000   _ECanaRegs
00006040   _ECanaLAMRegs
00006080   _ECanaMOTSRegs
000060c0   _ECanaMOTORegs
00006100   _ECanaMboxes
00006200   _ECanbRegs
00006240   _ECanbLAMRegs
00006280   _ECanbMOTSRegs
000062c0   _ECanbMOTORegs
00006300   _ECanbMboxes
00006800   _EPwm1Regs
00006840   _EPwm2Regs
00006880   _EPwm3Regs
000068c0   _EPwm4Regs
00006900   _EPwm5Regs
00006940   _EPwm6Regs
00006a00   _ECap1Regs
00006a20   _ECap2Regs
00006a40   _ECap3Regs
00006a60   _ECap4Regs
00006b00   _EQep1Regs
00006b40   _EQep2Regs
00006f80   _GpioCtrlRegs
00006fc0   _GpioDataRegs
00006fe0   _GpioIntRegs
00007010   _SysCtrlRegs
00007040   _SpiaRegs
00007050   _SciaRegs
00007070   _XIntruptRegs
00007100   _AdcRegs
00007740   _SpibRegs
00007750   _ScibRegs
00007760   _SpicRegs
00007780   _SpidRegs
00007900   _I2caRegs
00008000   _Main_Loop
00008000   _RamfuncsRunStart
000086fe   _Isr_Scib_RxFifo
00008763   _InitFlash
003f4000   .text
003f4000   ___text__
003f40c3   _InitPwmAdc
003f40ca   _SetPwm
003f416a   _GetPwm
003f418b   _Sort_EC
003f41ec   _CalEC_OneCycle
003f433b   _GetEC_OneCycle
003f43ef   _ResetPwm
003f440a   _ResetECData
003f4421   _Sleep10us
003f443e   _Init_ScibGpio
003f4452   _Init_Gpio
003f445e   _Scib_Tx
003f4477   _Scib_Tx_Byte
003f4490   _Code64_To_Int
003f44c5   _Code10_To_Int
003f44fa   _Int_To_Code64
003f452f   _Int_To_Code10
003f457b   _CalCheckSum_Base64
003f459a   _Tx_Cmd
003f45c0   _Init_Scib
003f45ea   _RunPowerControl
003f46f4   _TurnPowerOn
003f4712   _SetPower
003f474a   _main
003f4791   _INT13_ISR
003f4796   _INT14_ISR
003f479b   _DATALOG_ISR
003f47a0   _RTOSINT_ISR
003f47a5   _EMUINT_ISR
003f47aa   _NMI_ISR
003f47af   _ILLEGAL_ISR
003f47b4   _USER1_ISR
003f47b9   _USER2_ISR
003f47be   _USER3_ISR
003f47c3   _USER4_ISR
003f47c8   _USER5_ISR
003f47cd   _USER6_ISR
003f47d2   _USER7_ISR
003f47d7   _USER8_ISR
003f47dc   _USER9_ISR
003f47e1   _USER10_ISR
003f47e6   _USER11_ISR
003f47eb   _USER12_ISR
003f47f0   _SEQ1INT_ISR
003f47f5   _SEQ2INT_ISR
003f47fa   _XINT1_ISR
003f47ff   _XINT2_ISR
003f4804   _ADCINT_ISR
003f4809   _TINT0_ISR
003f480e   _WAKEINT_ISR
003f4813   _EPWM1_TZINT_ISR
003f4818   _EPWM2_TZINT_ISR
003f481d   _EPWM3_TZINT_ISR
003f4822   _EPWM4_TZINT_ISR
003f4827   _EPWM5_TZINT_ISR
003f482c   _EPWM6_TZINT_ISR
003f4831   _EPWM1_INT_ISR
003f4836   _EPWM2_INT_ISR
003f483b   _EPWM3_INT_ISR
003f4840   _EPWM4_INT_ISR
003f4845   _EPWM5_INT_ISR
003f484a   _EPWM6_INT_ISR
003f484f   _ECAP1_INT_ISR
003f4854   _ECAP2_INT_ISR
003f4859   _ECAP3_INT_ISR
003f485e   _ECAP4_INT_ISR
003f4863   _EQEP1_INT_ISR
003f4868   _EQEP2_INT_ISR
003f486d   _SPIRXINTA_ISR
003f4872   _SPITXINTA_ISR
003f4877   _SPIRXINTB_ISR
003f487c   _SPITXINTB_ISR
003f4881   _SPIRXINTC_ISR
003f4886   _SPITXINTC_ISR
003f488b   _SPIRXINTD_ISR
003f4890   _SPITXINTD_ISR
003f4895   _I2CINT1A_ISR
003f489a   _I2CINT2A_ISR
003f489f   _SCIRXINTA_ISR
003f48a4   _SCITXINTA_ISR
003f48a9   _SCIRXINTB_ISR
003f48ae   _SCITXINTB_ISR
003f48b3   _ECAN0INTA_ISR
003f48b8   _ECAN1INTA_ISR
003f48bd   _ECAN0INTB_ISR
003f48c2   _ECAN1INTB_ISR
003f48c7   _EMPTY_ISR
003f48cc   _PIE_RESERVED
003f48d1   _rsvd_ISR
003f48d6   _InitSysCtrl
003f48df   _ServiceDog
003f48e9   _DisableDog
003f48f1   _InitPll
003f4921   _InitPeripheralClocks
003f495f   _CsmUnlock
003f4990   _exp
003f4a2e   FD$$ADD
003f4aca   _Isr_Adc
003f4b17   _Isr_CpuTimer0
003f4b5c   __log
003f4be9   FD$$DIV
003f4c74   FD$$MPY
003f4cf7   FS$$DIV
003f4d7a   _pow
003f4dfd   FS$$SUB
003f4e02   FS$$ADD
003f4e75   FS$$MPY
003f4ecf   _InitCpuTimers
003f4ee4   _ConfigCpuTimer
003f4f18   _c_int00
003f4f5c   _ldexp
003f4f9d   _InitSci
003f4f9e   _InitSciGpio
003f4fa3   _InitSciaGpio
003f4fb9   _InitScibGpio
003f4fcd   FD$$CMP
003f4ff7   L$$DIV
003f5006   L$$MOD
003f5014   UL$$DIV
003f501b   UL$$MOD
003f5021   FS$$TOL
003f504a   _InitPieCtrl
003f5069   _EnableInterrupts
003f5072   FS$$TOI
003f5097   I$$DIV
003f50a8   I$$MOD
003f50b9   FS$$TOUL
003f50da   ___memcpy_ff
003f50fb   _InitPieVectTable
003f511b   FD$$TOL
003f513a   L$$TOFD
003f5156   FD$$TOU
003f5170   I$$TOFS
003f518a   __args_main
003f51a3   C$$EXIT
003f51a3   _abort
003f51a5   _exit
003f51bc   FS$$CMP
003f51d3   U$$TOFD
003f51ea   _MemCopy
003f51ff   _frexp
003f5213   U$$TOFS
003f5223   _InitAdc
003f522d   __register_unlock
003f5231   __register_lock
003f5235   __nop
003f523e   FS$$NEG
003f5243   _DSP28x_usDelay
003f5247   ___etext__
003f5247   etext
003f7000   _RamfuncsLoadStart
003f777e   _PieVectTableInit
003f777e   _RamfuncsLoadEnd
003f78da   ___cinit__
003f78da   cinit
003f7ff6   code_start
003f7ff8   _CsmPwl
ffffffff   ___binit__
ffffffff   ___c_args__
ffffffff   ___pinit__
ffffffff   binit
ffffffff   pinit

[239 symbols]
