******************************************************************************
             TMS320C2000 Linker PC v6.1.3                      
******************************************************************************
>> Linked Thu May 21 22:54:53 2015

OUTPUT FILE NAME:   <C:\Work\Pfcws64\RnD\LF_Power_Project\LF_Power/Debug/LF_Power.out>
ENTRY POINT SYMBOL: "_c_int00"  address: 003f5600


MEMORY CONFIGURATION

         name            origin    length      used     unused   attr    fill
----------------------  --------  ---------  --------  --------  ----  --------
PAGE 0:
  RAML0                 00008000   00001000  00000e4a  000001b6  RWIX
  OTP                   003d7800   00000400  00000000  00000400  RWIX
  FLASHD                003e8000   00004000  00000e4a  000031b6  RWIX
  FLASHC                003ec000   00004000  00000000  00004000  RWIX
  FLASHA                003f4000   00003f80  00001b9a  000023e6  RWIX
  CSM_RSVD              003f7f80   00000076  00000000  00000076  RWIX
  BEGIN                 003f7ff6   00000002  00000002  00000000  RWIX
  CSM_PWL               003f7ff8   00000008  00000000  00000008  RWIX
  ROM                   003ff000   00000fc0  00000000  00000fc0  RWIX
  RESET                 003fffc0   00000002  00000000  00000002  RWIX
  VECTORS               003fffc2   0000003e  00000000  0000003e  RWIX

PAGE 1:
  RAMM0                 00000002   000003fe  000003fe  00000000  RWIX
  RAMM1                 00000400   00000400  00000400  00000000  RWIX
  DEV_EMU               00000880   00000180  000000d0  000000b0  RWIX
  FLASH_REGS            00000a80   00000060  00000008  00000058  RWIX
  CSM                   00000ae0   00000010  00000010  00000000  RWIX
  ADC_MIRROR            00000b00   00000010  00000010  00000000  RWIX
  CPU_TIMER0            00000c00   00000008  00000008  00000000  RWIX
  CPU_TIMER1            00000c08   00000008  00000008  00000000  RWIX
  CPU_TIMER2            00000c10   00000008  00000008  00000000  RWIX
  PIE_CTRL              00000ce0   00000020  0000001a  00000006  RWIX
  PIE_VECT              00000d00   00000100  00000100  00000000  RWIX
  ECANA                 00006000   00000040  00000034  0000000c  RWIX
  ECANA_LAM             00006040   00000040  00000040  00000000  RWIX
  ECANA_MOTS            00006080   00000040  00000040  00000000  RWIX
  ECANA_MOTO            000060c0   00000040  00000040  00000000  RWIX
  ECANA_MBOX            00006100   00000100  00000100  00000000  RWIX
  ECANB                 00006200   00000040  00000034  0000000c  RWIX
  ECANB_LAM             00006240   00000040  00000040  00000000  RWIX
  ECANB_MOTS            00006280   00000040  00000040  00000000  RWIX
  ECANB_MOTO            000062c0   00000040  00000040  00000000  RWIX
  ECANB_MBOX            00006300   00000100  00000100  00000000  RWIX
  EPWM1                 00006800   00000022  00000022  00000000  RWIX
  EPWM2                 00006840   00000022  00000022  00000000  RWIX
  EPWM3                 00006880   00000022  00000022  00000000  RWIX
  EPWM4                 000068c0   00000022  00000022  00000000  RWIX
  EPWM5                 00006900   00000022  00000022  00000000  RWIX
  EPWM6                 00006940   00000022  00000022  00000000  RWIX
  ECAP1                 00006a00   00000020  00000020  00000000  RWIX
  ECAP2                 00006a20   00000020  00000020  00000000  RWIX
  ECAP3                 00006a40   00000020  00000020  00000000  RWIX
  ECAP4                 00006a60   00000020  00000020  00000000  RWIX
  EQEP1                 00006b00   00000040  00000040  00000000  RWIX
  EQEP2                 00006b40   00000040  00000040  00000000  RWIX
  GPIOCTRL              00006f80   00000040  00000040  00000000  RWIX
  GPIODAT               00006fc0   00000020  00000020  00000000  RWIX
  GPIOINT               00006fe0   00000020  0000000a  00000016  RWIX
  SYSTEM                00007010   00000020  00000020  00000000  RWIX
  SPIA                  00007040   00000010  00000010  00000000  RWIX
  SCIA                  00007050   00000010  00000010  00000000  RWIX
  XINTRUPT              00007070   00000010  00000010  00000000  RWIX
  ADC                   00007100   00000020  0000001e  00000002  RWIX
  SPIB                  00007740   00000010  00000010  00000000  RWIX
  SCIB                  00007750   00000010  00000010  00000000  RWIX
  SPIC                  00007760   00000010  00000010  00000000  RWIX
  SPID                  00007780   00000010  00000010  00000000  RWIX
  I2CA                  00007900   00000040  00000022  0000001e  RWIX
  RAML1                 00009000   00001000  00000000  00001000  RWIX
  FLASHB                003f0000   00004000  00000000  00004000  RWIX
  CSM_PWL               003f7ff8   00000008  00000008  00000000  RWIX


SECTION ALLOCATION MAP

 output                                  attributes/
section   page    origin      length       input sections
--------  ----  ----------  ----------   ----------------
.pinit     0    003f4000    00000000     UNINITIALIZED

ramfuncs   0    003e8000    00000913     RUN ADDR = 00008000
                  003e8000    000007a3     LF_Power.obj (ramfuncs)
                  003e87a3    000000f0     Example_Flash280x_API.obj (ramfuncs)
                  003e8893    00000065     LF_Power.obj (ramfuncs:retain)
                  003e88f8    0000001b     DSP280x_SysCtrl.obj (ramfuncs)

Flash28_API 
*          0    003e8914    00000537     RUN ADDR = 00008914
                  003e8914    00000014     Flash2808_API_V302.lib : Flash28_Erase.obj (.econst)
                  003e8928    000000a9                            : Flash28_Prog.obj (.text)
                  003e89d1    000000a2                            : Flash28_Erase.obj (.text)
                  003e8a73    0000009a                            : Flash28_Erase_Pulse.obj (.text)
                  003e8b0d    00000084                            : Flash28_Internals.obj (.text)
                  003e8b91    0000007f                            : Flash28_Prog_Pulse.obj (.text)
                  003e8c10    0000007d                            : Flash28_Compact_Pulse.obj (.text)
                  003e8c8d    0000005b                            : Flash28_EraseSector.obj (.text)
                  003e8ce8    00000054                            : Flash28_CompactSector.obj (.text)
                  003e8d3c    00000041                            : Flash28_ClearLoop.obj (.text)
                  003e8d7d    00000033                            : Flash28_ClearSector.obj (.text)
                  003e8db0    00000033                            : Flash28_Verify.obj (.text)
                  003e8de3    00000024                            : Flash28_Init.obj (.text)
                  003e8e07    00000014                            : Flash28_ToggleTest.obj (.text)
                  003e8e1b    00000014                            : Flash28_Utils.obj (.text)
                  003e8e2f    0000000d                            : Flash28_Delay.obj (.text)
                  003e8e3c    00000007                            : Flash28_DisInt.obj (.text)
                  003e8e43    00000005                            : Flash28_Version.obj (.text)
                  003e8e48    00000003                            : Flash28_Version_Hex.obj (.text)

.text      0    003f4000    00001942     
                  003f4000    00000654     Example_Flash280x_API.obj (.text)
                  003f4654    00000445     PwmAdc.obj (.text)
                  003f4a99    0000036d     LF_Power.obj (.text)
                  003f4e06    00000145     DSP280x_DefaultIsr.obj (.text:retain)
                  003f4f4b    000000ba     DSP280x_SysCtrl.obj (.text)
                  003f5005    0000009e     rts2800_ml.lib : exp.obj (.text)
                  003f50a3    0000009c                    : fd_add.obj (.text)
                  003f513f    00000092     PwmAdc.obj (.text:retain)
                  003f51d1    0000008d     rts2800_ml.lib : _log.obj (.text)
                  003f525e    0000008b                    : fd_div.obj (.text)
                  003f52e9    00000083                    : fd_mpy.obj (.text)
                  003f536c    00000083                    : fs_div.obj (.text)
                  003f53ef    00000083                    : pow.obj (.text)
                  003f5472    00000078                    : fs_add.obj (.text)
                  003f54ea    00000073     PwmCtrl.obj (.text)
                  003f555d    0000005a     rts2800_ml.lib : fs_mpy.obj (.text)
                  003f55b7    00000049     DSP280x_CpuTimers.obj (.text)
                  003f5600    00000044     rts2800_ml.lib : boot.obj (.text)
                  003f5644    00000041                    : ldexp.obj (.text)
                  003f5685    00000030     DSP280x_Sci.obj (.text)
                  003f56b5    0000002a     rts2800_ml.lib : fd_cmp.obj (.text)
                  003f56df    0000002a                    : l_div.obj (.text)
                  003f5709    00000029                    : fs_tol.obj (.text)
                  003f5732    00000028     DSP280x_PieCtrl.obj (.text)
                  003f575a    00000025     rts2800_ml.lib : fs_toi.obj (.text)
                  003f577f    00000022                    : i_div.obj (.text)
                  003f57a1    00000021                    : fs_toul.obj (.text)
                  003f57c2    00000021                    : memcpy_ff.obj (.text)
                  003f57e3    00000020     DSP280x_PieVect.obj (.text)
                  003f5803    0000001f     rts2800_ml.lib : fd_tol.obj (.text)
                  003f5822    0000001c                    : l_tofd.obj (.text)
                  003f583e    0000001a                    : fd_tou.obj (.text)
                  003f5858    0000001a                    : i_tofs.obj (.text)
                  003f5872    00000019                    : args_main.obj (.text)
                  003f588b    00000019                    : exit.obj (.text)
                  003f58a4    00000017                    : fs_cmp.obj (.text)
                  003f58bb    00000017                    : u_tofd.obj (.text)
                  003f58d2    00000015     DSP280x_MemCopy.obj (.text)
                  003f58e7    00000014     rts2800_ml.lib : frexp.obj (.text)
                  003f58fb    00000010                    : u_tofs.obj (.text)
                  003f590b    0000000b                    : u_div.obj (.text)
                  003f5916    0000000a     DSP280x_Adc.obj (.text)
                  003f5920    00000009     rts2800_ml.lib : _lock.obj (.text)
                  003f5929    00000008     DSP280x_CodeStartBranch.obj (.text)
                  003f5931    00000008     Example_Flash280x_CsmKeys.obj (.text)
                  003f5939    00000005     rts2800_ml.lib : fs_neg.obj (.text)
                  003f593e    00000004     DSP280x_usDelay.obj (.text)

.econst    0    003f5942    0000015c     
                  003f5942    00000100     DSP280x_PieVect.obj (.econst)
                  003f5a42    0000002c     LF_Power.obj (.econst:.string)
                  003f5a6e    00000020     PwmAdc.obj (.econst)
                  003f5a8e    00000010     LF_Power.obj (.econst)

.cinit     0    003f5a9e    000000fc     
                  003f5a9e    00000064     LF_Power.obj (.cinit)
                  003f5b02    00000053     PwmAdc.obj (.cinit)
                  003f5b55    00000021     Example_Flash280x_API.obj (.cinit)
                  003f5b76    0000000a     Flash2808_API_V302.lib : Flash28_Globals.obj (.cinit)
                  003f5b80    0000000a     rts2800_ml.lib : _lock.obj (.cinit)
                  003f5b8a    0000000a                    : exit.obj (.cinit)
                  003f5b94    00000004                    : errno.obj (.cinit)
                  003f5b98    00000002     --HOLE-- [fill = 0]

codestart 
*          0    003f7ff6    00000002     
                  003f7ff6    00000002     DSP280x_CodeStartBranch.obj (codestart)

.reset     0    003fffc0    00000002     DSECT
                  003fffc0    00000002     rts2800_ml.lib : boot.obj (.reset)

vectors    0    003fffc2    00000000     DSECT

.stack     1    00000002    000003fe     UNINITIALIZED
                  00000002    000003fe     --HOLE--

.ebss      1    00000400    00000400     UNINITIALIZED
                  00000400    00000188     PwmAdc.obj (.ebss)
                  00000588    00000008     DSP280x_CpuTimers.obj (.ebss)
                  00000590    00000004     Flash2808_API_V302.lib : Flash28_Globals.obj (.ebss)
                  00000594    00000004     rts2800_ml.lib : _lock.obj (.ebss)
                  00000598    00000004                    : exit.obj (.ebss)
                  0000059c    00000001                    : errno.obj (.ebss)
                  0000059d    00000023     --HOLE--
                  000005c0    00000140     Example_Flash280x_API.obj (.ebss)
                  00000700    00000100     LF_Power.obj (.ebss)

DevEmuRegsFile 
*          1    00000880    000000d0     UNINITIALIZED
                  00000880    000000d0     DSP280x_GlobalVariableDefs.obj (DevEmuRegsFile)

FlashRegsFile 
*          1    00000a80    00000008     UNINITIALIZED
                  00000a80    00000008     DSP280x_GlobalVariableDefs.obj (FlashRegsFile)

CsmRegsFile 
*          1    00000ae0    00000010     UNINITIALIZED
                  00000ae0    00000010     DSP280x_GlobalVariableDefs.obj (CsmRegsFile)

AdcMirrorFile 
*          1    00000b00    00000010     UNINITIALIZED
                  00000b00    00000010     DSP280x_GlobalVariableDefs.obj (AdcMirrorFile)

CpuTimer0RegsFile 
*          1    00000c00    00000008     UNINITIALIZED
                  00000c00    00000008     DSP280x_GlobalVariableDefs.obj (CpuTimer0RegsFile)

CpuTimer1RegsFile 
*          1    00000c08    00000008     UNINITIALIZED
                  00000c08    00000008     DSP280x_GlobalVariableDefs.obj (CpuTimer1RegsFile)

CpuTimer2RegsFile 
*          1    00000c10    00000008     UNINITIALIZED
                  00000c10    00000008     DSP280x_GlobalVariableDefs.obj (CpuTimer2RegsFile)

PieCtrlRegsFile 
*          1    00000ce0    0000001a     UNINITIALIZED
                  00000ce0    0000001a     DSP280x_GlobalVariableDefs.obj (PieCtrlRegsFile)

PieVectTableFile 
*          1    00000d00    00000100     UNINITIALIZED
                  00000d00    00000100     DSP280x_GlobalVariableDefs.obj (PieVectTableFile)

ECanaRegsFile 
*          1    00006000    00000034     UNINITIALIZED
                  00006000    00000034     DSP280x_GlobalVariableDefs.obj (ECanaRegsFile)

ECanaLAMRegsFile 
*          1    00006040    00000040     UNINITIALIZED
                  00006040    00000040     DSP280x_GlobalVariableDefs.obj (ECanaLAMRegsFile)

ECanaMOTSRegsFile 
*          1    00006080    00000040     UNINITIALIZED
                  00006080    00000040     DSP280x_GlobalVariableDefs.obj (ECanaMOTSRegsFile)

ECanaMOTORegsFile 
*          1    000060c0    00000040     UNINITIALIZED
                  000060c0    00000040     DSP280x_GlobalVariableDefs.obj (ECanaMOTORegsFile)

ECanaMboxesFile 
*          1    00006100    00000100     UNINITIALIZED
                  00006100    00000100     DSP280x_GlobalVariableDefs.obj (ECanaMboxesFile)

ECanbRegsFile 
*          1    00006200    00000034     UNINITIALIZED
                  00006200    00000034     DSP280x_GlobalVariableDefs.obj (ECanbRegsFile)

ECanbLAMRegsFile 
*          1    00006240    00000040     UNINITIALIZED
                  00006240    00000040     DSP280x_GlobalVariableDefs.obj (ECanbLAMRegsFile)

ECanbMOTSRegsFile 
*          1    00006280    00000040     UNINITIALIZED
                  00006280    00000040     DSP280x_GlobalVariableDefs.obj (ECanbMOTSRegsFile)

ECanbMOTORegsFile 
*          1    000062c0    00000040     UNINITIALIZED
                  000062c0    00000040     DSP280x_GlobalVariableDefs.obj (ECanbMOTORegsFile)

ECanbMboxesFile 
*          1    00006300    00000100     UNINITIALIZED
                  00006300    00000100     DSP280x_GlobalVariableDefs.obj (ECanbMboxesFile)

EPwm1RegsFile 
*          1    00006800    00000022     UNINITIALIZED
                  00006800    00000022     DSP280x_GlobalVariableDefs.obj (EPwm1RegsFile)

EPwm2RegsFile 
*          1    00006840    00000022     UNINITIALIZED
                  00006840    00000022     DSP280x_GlobalVariableDefs.obj (EPwm2RegsFile)

EPwm3RegsFile 
*          1    00006880    00000022     UNINITIALIZED
                  00006880    00000022     DSP280x_GlobalVariableDefs.obj (EPwm3RegsFile)

EPwm4RegsFile 
*          1    000068c0    00000022     UNINITIALIZED
                  000068c0    00000022     DSP280x_GlobalVariableDefs.obj (EPwm4RegsFile)

EPwm5RegsFile 
*          1    00006900    00000022     UNINITIALIZED
                  00006900    00000022     DSP280x_GlobalVariableDefs.obj (EPwm5RegsFile)

EPwm6RegsFile 
*          1    00006940    00000022     UNINITIALIZED
                  00006940    00000022     DSP280x_GlobalVariableDefs.obj (EPwm6RegsFile)

ECap1RegsFile 
*          1    00006a00    00000020     UNINITIALIZED
                  00006a00    00000020     DSP280x_GlobalVariableDefs.obj (ECap1RegsFile)

ECap2RegsFile 
*          1    00006a20    00000020     UNINITIALIZED
                  00006a20    00000020     DSP280x_GlobalVariableDefs.obj (ECap2RegsFile)

ECap3RegsFile 
*          1    00006a40    00000020     UNINITIALIZED
                  00006a40    00000020     DSP280x_GlobalVariableDefs.obj (ECap3RegsFile)

ECap4RegsFile 
*          1    00006a60    00000020     UNINITIALIZED
                  00006a60    00000020     DSP280x_GlobalVariableDefs.obj (ECap4RegsFile)

EQep1RegsFile 
*          1    00006b00    00000040     UNINITIALIZED
                  00006b00    00000040     DSP280x_GlobalVariableDefs.obj (EQep1RegsFile)

EQep2RegsFile 
*          1    00006b40    00000040     UNINITIALIZED
                  00006b40    00000040     DSP280x_GlobalVariableDefs.obj (EQep2RegsFile)

GpioCtrlRegsFile 
*          1    00006f80    00000040     UNINITIALIZED
                  00006f80    00000040     DSP280x_GlobalVariableDefs.obj (GpioCtrlRegsFile)

GpioDataRegsFile 
*          1    00006fc0    00000020     UNINITIALIZED
                  00006fc0    00000020     DSP280x_GlobalVariableDefs.obj (GpioDataRegsFile)

GpioIntRegsFile 
*          1    00006fe0    0000000a     UNINITIALIZED
                  00006fe0    0000000a     DSP280x_GlobalVariableDefs.obj (GpioIntRegsFile)

SysCtrlRegsFile 
*          1    00007010    00000020     UNINITIALIZED
                  00007010    00000020     DSP280x_GlobalVariableDefs.obj (SysCtrlRegsFile)

SpiaRegsFile 
*          1    00007040    00000010     UNINITIALIZED
                  00007040    00000010     DSP280x_GlobalVariableDefs.obj (SpiaRegsFile)

SciaRegsFile 
*          1    00007050    00000010     UNINITIALIZED
                  00007050    00000010     DSP280x_GlobalVariableDefs.obj (SciaRegsFile)

XIntruptRegsFile 
*          1    00007070    00000010     UNINITIALIZED
                  00007070    00000010     DSP280x_GlobalVariableDefs.obj (XIntruptRegsFile)

AdcRegsFile 
*          1    00007100    0000001e     UNINITIALIZED
                  00007100    0000001e     DSP280x_GlobalVariableDefs.obj (AdcRegsFile)

SpibRegsFile 
*          1    00007740    00000010     UNINITIALIZED
                  00007740    00000010     DSP280x_GlobalVariableDefs.obj (SpibRegsFile)

ScibRegsFile 
*          1    00007750    00000010     UNINITIALIZED
                  00007750    00000010     DSP280x_GlobalVariableDefs.obj (ScibRegsFile)

SpicRegsFile 
*          1    00007760    00000010     UNINITIALIZED
                  00007760    00000010     DSP280x_GlobalVariableDefs.obj (SpicRegsFile)

SpidRegsFile 
*          1    00007780    00000010     UNINITIALIZED
                  00007780    00000010     DSP280x_GlobalVariableDefs.obj (SpidRegsFile)

I2caRegsFile 
*          1    00007900    00000022     UNINITIALIZED
                  00007900    00000022     DSP280x_GlobalVariableDefs.obj (I2caRegsFile)

CsmPwlFile 
*          1    003f7ff8    00000008     UNINITIALIZED
                  003f7ff8    00000008     DSP280x_GlobalVariableDefs.obj (CsmPwlFile)


GLOBAL SYMBOLS: SORTED ALPHABETICALLY BY Name 

address    name
--------   ----
003f4000   .text
003f588b   C$$EXIT
003f50a3   FD$$ADD
003f56b5   FD$$CMP
003f525e   FD$$DIV
003f52e9   FD$$MPY
003f5803   FD$$TOL
003f583e   FD$$TOU
003f5477   FS$$ADD
003f58a4   FS$$CMP
003f536c   FS$$DIV
003f555d   FS$$MPY
003f5939   FS$$NEG
003f5472   FS$$SUB
003f575a   FS$$TOI
003f5709   FS$$TOL
003f57a1   FS$$TOUL
003f577f   I$$DIV
003f5790   I$$MOD
003f5858   I$$TOFS
003f56df   L$$DIV
003f56ee   L$$MOD
003f5822   L$$TOFD
003f590b   U$$DIV
003f5910   U$$MOD
003f58bb   U$$TOFD
003f58fb   U$$TOFS
003f56fc   UL$$DIV
003f5703   UL$$MOD
003f4e79   _ADCINT_ISR
00000b00   _AdcMirror
00007100   _AdcRegs
00000600   _Buffer
003f4bd6   _CalCheckSum_Base64
003f4840   _CalEC_OneCycle
003f5559   _Check_Pwm1_280x
003f4b20   _Code10_To_Int
003f4aeb   _Code64_To_Int
003f55cc   _ConfigCpuTimer
00000588   _CpuTimer0
00000c00   _CpuTimer0Regs
00000c08   _CpuTimer1Regs
00000c10   _CpuTimer2Regs
003f7ff8   _CsmPwl
00000ae0   _CsmRegs
003f4fd4   _CsmUnlock
003f4e10   _DATALOG_ISR
003f593e   _DSP28x_usDelay
00000880   _DevEmuRegs
003f4f5e   _DisableDog
003f4f28   _ECAN0INTA_ISR
003f4f32   _ECAN0INTB_ISR
003f4f2d   _ECAN1INTA_ISR
003f4f37   _ECAN1INTB_ISR
003f4ec4   _ECAP1_INT_ISR
003f4ec9   _ECAP2_INT_ISR
003f4ece   _ECAP3_INT_ISR
003f4ed3   _ECAP4_INT_ISR
00006040   _ECanaLAMRegs
000060c0   _ECanaMOTORegs
00006080   _ECanaMOTSRegs
00006100   _ECanaMboxes
00006000   _ECanaRegs
00006240   _ECanbLAMRegs
000062c0   _ECanbMOTORegs
00006280   _ECanbMOTSRegs
00006300   _ECanbMboxes
00006200   _ECanbRegs
00006a00   _ECap1Regs
00006a20   _ECap2Regs
00006a40   _ECap3Regs
00006a60   _ECap4Regs
003f4f3c   _EMPTY_ISR
003f4e1a   _EMUINT_ISR
003f4ea6   _EPWM1_INT_ISR
003f4e88   _EPWM1_TZINT_ISR
003f4eab   _EPWM2_INT_ISR
003f4e8d   _EPWM2_TZINT_ISR
003f4eb0   _EPWM3_INT_ISR
003f4e92   _EPWM3_TZINT_ISR
003f4eb5   _EPWM4_INT_ISR
003f4e97   _EPWM4_TZINT_ISR
003f4eba   _EPWM5_INT_ISR
003f4e9c   _EPWM5_TZINT_ISR
003f4ebf   _EPWM6_INT_ISR
003f4ea1   _EPWM6_TZINT_ISR
00006800   _EPwm1Regs
00006840   _EPwm2Regs
00006880   _EPwm3Regs
000068c0   _EPwm4Regs
00006900   _EPwm5Regs
00006940   _EPwm6Regs
003f4ed8   _EQEP1_INT_ISR
003f4edd   _EQEP2_INT_ISR
00006b00   _EQep1Regs
00006b40   _EQep2Regs
003f5751   _EnableInterrupts
003f43f1   _Example_CallFlashAPI
00008822   _Example_CallFlashAPI_1
003f4544   _Example_CsmUnlock
00008887   _Example_Done
00008880   _Example_Error
003f463f   _Example_MemCopy
003f4593   _Example_ToggleTest
003f410c   _Ext_DataConvert
003f42ab   _Ext_DataUpdate
003f4135   _Ext_ExtractData
003f4000   _Ext_Init_Flash
003f41c1   _Ext_UpdateData
000087a3   _Ext_Write_Flash
00008d7d   _Fl2808_ClearSector
00008ce8   _Fl2808_CompactSector
00008c8d   _Fl2808_EraseSector
00008de3   _Fl2808_Init
00008d3c   _Fl28x_ClearLoop
00008b6f   _Fl28x_ClosePulse
00008c4a   _Fl28x_CompactPulse
00008c10   _Fl28x_CompactVerify
00008e2f   _Fl28x_Delay
00008e3c   _Fl28x_DisableInt
00008e23   _Fl28x_DisableNMI
00008b1a   _Fl28x_EnterCmdMode
00008abb   _Fl28x_ErasePulse
00008a73   _Fl28x_EraseVerify
00008b3f   _Fl28x_FlashRegSleep
00008b0d   _Fl28x_LeaveCmdMode
00008b86   _Fl28x_MaskAll
00008b5e   _Fl28x_OpenPulse
00008bce   _Fl28x_ProgPulse
00008b91   _Fl28x_ProgVerify
00008e40   _Fl28x_RestoreInt
00008e1b   _Fl28x_WatchDogDisable
00008e43   _Flash2808_APIVersion
00008e48   _Flash2808_APIVersionHex
000089d1   _Flash2808_Erase
00008928   _Flash2808_Program
00008e07   _Flash2808_ToggleTest
00008db0   _Flash2808_Verify
003e8e4b   _Flash28_API_LoadEnd
003e8914   _Flash28_API_LoadStart
00008914   _Flash28_API_RunStart
00000a80   _FlashRegs
000005cc   _FlashStatus
00000592   _Flash_CPUScaleFactor
00000590   _Flash_CallbackPtr
003f498f   _GetEC_OneCycle
003f47be   _GetPwm
00006f80   _GpioCtrlRegs
00006fc0   _GpioDataRegs
00006fe0   _GpioIntRegs
003f4f0a   _I2CINT1A_ISR
003f4f0f   _I2CINT2A_ISR
00007900   _I2caRegs
003f4e24   _ILLEGAL_ISR
003f4e06   _INT13_ISR
003f4e0b   _INT14_ISR
003f5916   _InitAdc
003f55b7   _InitCpuTimers
000088f8   _InitFlash
003f4f96   _InitPeripheralClocks
003f5732   _InitPieCtrl
003f57e3   _InitPieVectTable
003f4f66   _InitPll
003f4717   _InitPwmAdc
003f5685   _InitSci
003f5686   _InitSciGpio
003f568b   _InitSciaGpio
003f56a1   _InitScibGpio
003f4f4b   _InitSysCtrl
003f4aad   _Init_Gpio
003f54ea   _Init_Pwm1_280x
003f4c1b   _Init_Scib
003f4a99   _Init_ScibGpio
003f4b8a   _Int_To_Code10
003f4b55   _Int_To_Code64
003f513f   _Isr_Adc
003f518c   _Isr_CpuTimer0
00008893   _Isr_Scib_RxFifo
00008000   _Main_Loop
003f58d2   _MemCopy
000005c2   _MyCallbackCounter
0000888b   _MyCallbackFunction
003f4e1f   _NMI_ISR
003f4f41   _PIE_RESERVED
003f5931   _PRG_key0
003f5932   _PRG_key1
003f5933   _PRG_key2
003f5934   _PRG_key3
003f5935   _PRG_key4
003f5936   _PRG_key5
003f5937   _PRG_key6
003f5938   _PRG_key7
00000ce0   _PieCtrlRegs
00000d00   _PieVectTable
003f5942   _PieVectTableInit
003f4e15   _RTOSINT_ISR
003e8913   _RamfuncsLoadEnd
003e8000   _RamfuncsLoadStart
00008000   _RamfuncsRunStart
003f4a65   _ResetECData
003f4a43   _ResetPwm
003f4a47   _ResetPwm_Freq
003f4c45   _RunPowerControl
003f4f14   _SCIRXINTA_ISR
003f4f1e   _SCIRXINTB_ISR
003f4f19   _SCITXINTA_ISR
003f4f23   _SCITXINTB_ISR
003f4e65   _SEQ1INT_ISR
003f4e6a   _SEQ2INT_ISR
003f4ee2   _SPIRXINTA_ISR
003f4eec   _SPIRXINTB_ISR
003f4ef6   _SPIRXINTC_ISR
003f4f00   _SPIRXINTD_ISR
003f4ee7   _SPITXINTA_ISR
003f4ef1   _SPITXINTB_ISR
003f4efb   _SPITXINTC_ISR
003f4f05   _SPITXINTD_ISR
00007050   _SciaRegs
00007750   _ScibRegs
003f4ab9   _Scib_Tx
003f4ad2   _Scib_Tx_Byte
000005e0   _Sector
003f4f54   _ServiceDog
003f4d85   _SetPower
003f471e   _SetPwm
003f5522   _Set_Pwm1_Cmp_280x
003f552f   _Set_Pwm1_Type_280x
003f4a7c   _Sleep10us
003f47df   _Sort_EC
00007040   _SpiaRegs
00007740   _SpibRegs
00007760   _SpicRegs
00007780   _SpidRegs
00007010   _SysCtrlRegs
003f4e7e   _TINT0_ISR
003f4d67   _TurnPowerOn
003f4bf5   _Tx_Cmd
003f4e56   _USER10_ISR
003f4e5b   _USER11_ISR
003f4e60   _USER12_ISR
003f4e29   _USER1_ISR
003f4e2e   _USER2_ISR
003f4e33   _USER3_ISR
003f4e38   _USER4_ISR
003f4e3d   _USER5_ISR
003f4e42   _USER6_ISR
003f4e47   _USER7_ISR
003f4e4c   _USER8_ISR
003f4e51   _USER9_ISR
003f4e83   _WAKEINT_ISR
003f4e6f   _XINT1_ISR
003f4e74   _XINT2_ISR
00007070   _XIntruptRegs
00000400   __STACK_END
000003fe   __STACK_SIZE
00000001   __TI_args_main
ffffffff   ___binit__
ffffffff   ___c_args__
003f5a9e   ___cinit__
003f5942   ___etext__
003f57c2   ___memcpy_ff
ffffffff   ___pinit__
003f4000   ___text__
003f5872   __args_main
00000598   __cleanup_ptr
0000059a   __dtors_ptr
00000596   __lock
003f51d1   __log
003f5928   __nop
003f5924   __register_lock
003f5920   __register_unlock
00000002   __stack
00000594   __unlock
003f588b   _abort
003f5600   _c_int00
0000059c   _errno
003f588d   _exit
003f5005   _exp
003f58e7   _frexp
000007c0   _gRxBuf
00000780   _gRxCmdBuf
000005d0   _g_nFlashBufDec
000005c6   _g_nGenOnCount
000005c8   _g_nGenTimeSec
000005c0   _g_nRndKey
000005c4   _g_pFlashStartPtr_B
000005ca   _g_pFlashStartPtr_C
00000702   _gisPower_MinLimit_On
00000700   _gisPower_On
00000722   _gisRxCmd
0000071a   _gnInterlock_OverCurrent
00000710   _gnMonitoringTime
00000701   _gnOpMode
00000704   _gnPower_ChangeTime
00000706   _gnPower_MV
0000070c   _gnPower_PV
0000070e   _gnPower_SV
00000418   _gnPwm_ErrRange
0000040c   _gnPwm_WidthMinLimit
00000708   _gnRX_SV
00000720   _gnRxBufPos
0000070a   _gnRxCmdSize
00000718   _gnSCI_RxErrorCnt
00000714   _gnStartTimeLC
00000716   _gnStartTimeVer
00000412   _gnTimer_10us
003f5644   _ldexp
003f4dbd   _main
003f43a4   _main_1
003f53ef   _pow
003f4f46   _rsvd_ISR
ffffffff   binit
003f5a9e   cinit
003f7ff6   code_start
003f5942   etext
ffffffff   pinit


GLOBAL SYMBOLS: SORTED BY Symbol Address 

address    name
--------   ----
00000001   __TI_args_main
00000002   __stack
000003fe   __STACK_SIZE
00000400   __STACK_END
0000040c   _gnPwm_WidthMinLimit
00000412   _gnTimer_10us
00000418   _gnPwm_ErrRange
00000588   _CpuTimer0
00000590   _Flash_CallbackPtr
00000592   _Flash_CPUScaleFactor
00000594   __unlock
00000596   __lock
00000598   __cleanup_ptr
0000059a   __dtors_ptr
0000059c   _errno
000005c0   _g_nRndKey
000005c2   _MyCallbackCounter
000005c4   _g_pFlashStartPtr_B
000005c6   _g_nGenOnCount
000005c8   _g_nGenTimeSec
000005ca   _g_pFlashStartPtr_C
000005cc   _FlashStatus
000005d0   _g_nFlashBufDec
000005e0   _Sector
00000600   _Buffer
00000700   _gisPower_On
00000701   _gnOpMode
00000702   _gisPower_MinLimit_On
00000704   _gnPower_ChangeTime
00000706   _gnPower_MV
00000708   _gnRX_SV
0000070a   _gnRxCmdSize
0000070c   _gnPower_PV
0000070e   _gnPower_SV
00000710   _gnMonitoringTime
00000714   _gnStartTimeLC
00000716   _gnStartTimeVer
00000718   _gnSCI_RxErrorCnt
0000071a   _gnInterlock_OverCurrent
00000720   _gnRxBufPos
00000722   _gisRxCmd
00000780   _gRxCmdBuf
000007c0   _gRxBuf
00000880   _DevEmuRegs
00000a80   _FlashRegs
00000ae0   _CsmRegs
00000b00   _AdcMirror
00000c00   _CpuTimer0Regs
00000c08   _CpuTimer1Regs
00000c10   _CpuTimer2Regs
00000ce0   _PieCtrlRegs
00000d00   _PieVectTable
00006000   _ECanaRegs
00006040   _ECanaLAMRegs
00006080   _ECanaMOTSRegs
000060c0   _ECanaMOTORegs
00006100   _ECanaMboxes
00006200   _ECanbRegs
00006240   _ECanbLAMRegs
00006280   _ECanbMOTSRegs
000062c0   _ECanbMOTORegs
00006300   _ECanbMboxes
00006800   _EPwm1Regs
00006840   _EPwm2Regs
00006880   _EPwm3Regs
000068c0   _EPwm4Regs
00006900   _EPwm5Regs
00006940   _EPwm6Regs
00006a00   _ECap1Regs
00006a20   _ECap2Regs
00006a40   _ECap3Regs
00006a60   _ECap4Regs
00006b00   _EQep1Regs
00006b40   _EQep2Regs
00006f80   _GpioCtrlRegs
00006fc0   _GpioDataRegs
00006fe0   _GpioIntRegs
00007010   _SysCtrlRegs
00007040   _SpiaRegs
00007050   _SciaRegs
00007070   _XIntruptRegs
00007100   _AdcRegs
00007740   _SpibRegs
00007750   _ScibRegs
00007760   _SpicRegs
00007780   _SpidRegs
00007900   _I2caRegs
00008000   _Main_Loop
00008000   _RamfuncsRunStart
000087a3   _Ext_Write_Flash
00008822   _Example_CallFlashAPI_1
00008880   _Example_Error
00008887   _Example_Done
0000888b   _MyCallbackFunction
00008893   _Isr_Scib_RxFifo
000088f8   _InitFlash
00008914   _Flash28_API_RunStart
00008928   _Flash2808_Program
000089d1   _Flash2808_Erase
00008a73   _Fl28x_EraseVerify
00008abb   _Fl28x_ErasePulse
00008b0d   _Fl28x_LeaveCmdMode
00008b1a   _Fl28x_EnterCmdMode
00008b3f   _Fl28x_FlashRegSleep
00008b5e   _Fl28x_OpenPulse
00008b6f   _Fl28x_ClosePulse
00008b86   _Fl28x_MaskAll
00008b91   _Fl28x_ProgVerify
00008bce   _Fl28x_ProgPulse
00008c10   _Fl28x_CompactVerify
00008c4a   _Fl28x_CompactPulse
00008c8d   _Fl2808_EraseSector
00008ce8   _Fl2808_CompactSector
00008d3c   _Fl28x_ClearLoop
00008d7d   _Fl2808_ClearSector
00008db0   _Flash2808_Verify
00008de3   _Fl2808_Init
00008e07   _Flash2808_ToggleTest
00008e1b   _Fl28x_WatchDogDisable
00008e23   _Fl28x_DisableNMI
00008e2f   _Fl28x_Delay
00008e3c   _Fl28x_DisableInt
00008e40   _Fl28x_RestoreInt
00008e43   _Flash2808_APIVersion
00008e48   _Flash2808_APIVersionHex
003e8000   _RamfuncsLoadStart
003e8913   _RamfuncsLoadEnd
003e8914   _Flash28_API_LoadStart
003e8e4b   _Flash28_API_LoadEnd
003f4000   .text
003f4000   _Ext_Init_Flash
003f4000   ___text__
003f410c   _Ext_DataConvert
003f4135   _Ext_ExtractData
003f41c1   _Ext_UpdateData
003f42ab   _Ext_DataUpdate
003f43a4   _main_1
003f43f1   _Example_CallFlashAPI
003f4544   _Example_CsmUnlock
003f4593   _Example_ToggleTest
003f463f   _Example_MemCopy
003f4717   _InitPwmAdc
003f471e   _SetPwm
003f47be   _GetPwm
003f47df   _Sort_EC
003f4840   _CalEC_OneCycle
003f498f   _GetEC_OneCycle
003f4a43   _ResetPwm
003f4a47   _ResetPwm_Freq
003f4a65   _ResetECData
003f4a7c   _Sleep10us
003f4a99   _Init_ScibGpio
003f4aad   _Init_Gpio
003f4ab9   _Scib_Tx
003f4ad2   _Scib_Tx_Byte
003f4aeb   _Code64_To_Int
003f4b20   _Code10_To_Int
003f4b55   _Int_To_Code64
003f4b8a   _Int_To_Code10
003f4bd6   _CalCheckSum_Base64
003f4bf5   _Tx_Cmd
003f4c1b   _Init_Scib
003f4c45   _RunPowerControl
003f4d67   _TurnPowerOn
003f4d85   _SetPower
003f4dbd   _main
003f4e06   _INT13_ISR
003f4e0b   _INT14_ISR
003f4e10   _DATALOG_ISR
003f4e15   _RTOSINT_ISR
003f4e1a   _EMUINT_ISR
003f4e1f   _NMI_ISR
003f4e24   _ILLEGAL_ISR
003f4e29   _USER1_ISR
003f4e2e   _USER2_ISR
003f4e33   _USER3_ISR
003f4e38   _USER4_ISR
003f4e3d   _USER5_ISR
003f4e42   _USER6_ISR
003f4e47   _USER7_ISR
003f4e4c   _USER8_ISR
003f4e51   _USER9_ISR
003f4e56   _USER10_ISR
003f4e5b   _USER11_ISR
003f4e60   _USER12_ISR
003f4e65   _SEQ1INT_ISR
003f4e6a   _SEQ2INT_ISR
003f4e6f   _XINT1_ISR
003f4e74   _XINT2_ISR
003f4e79   _ADCINT_ISR
003f4e7e   _TINT0_ISR
003f4e83   _WAKEINT_ISR
003f4e88   _EPWM1_TZINT_ISR
003f4e8d   _EPWM2_TZINT_ISR
003f4e92   _EPWM3_TZINT_ISR
003f4e97   _EPWM4_TZINT_ISR
003f4e9c   _EPWM5_TZINT_ISR
003f4ea1   _EPWM6_TZINT_ISR
003f4ea6   _EPWM1_INT_ISR
003f4eab   _EPWM2_INT_ISR
003f4eb0   _EPWM3_INT_ISR
003f4eb5   _EPWM4_INT_ISR
003f4eba   _EPWM5_INT_ISR
003f4ebf   _EPWM6_INT_ISR
003f4ec4   _ECAP1_INT_ISR
003f4ec9   _ECAP2_INT_ISR
003f4ece   _ECAP3_INT_ISR
003f4ed3   _ECAP4_INT_ISR
003f4ed8   _EQEP1_INT_ISR
003f4edd   _EQEP2_INT_ISR
003f4ee2   _SPIRXINTA_ISR
003f4ee7   _SPITXINTA_ISR
003f4eec   _SPIRXINTB_ISR
003f4ef1   _SPITXINTB_ISR
003f4ef6   _SPIRXINTC_ISR
003f4efb   _SPITXINTC_ISR
003f4f00   _SPIRXINTD_ISR
003f4f05   _SPITXINTD_ISR
003f4f0a   _I2CINT1A_ISR
003f4f0f   _I2CINT2A_ISR
003f4f14   _SCIRXINTA_ISR
003f4f19   _SCITXINTA_ISR
003f4f1e   _SCIRXINTB_ISR
003f4f23   _SCITXINTB_ISR
003f4f28   _ECAN0INTA_ISR
003f4f2d   _ECAN1INTA_ISR
003f4f32   _ECAN0INTB_ISR
003f4f37   _ECAN1INTB_ISR
003f4f3c   _EMPTY_ISR
003f4f41   _PIE_RESERVED
003f4f46   _rsvd_ISR
003f4f4b   _InitSysCtrl
003f4f54   _ServiceDog
003f4f5e   _DisableDog
003f4f66   _InitPll
003f4f96   _InitPeripheralClocks
003f4fd4   _CsmUnlock
003f5005   _exp
003f50a3   FD$$ADD
003f513f   _Isr_Adc
003f518c   _Isr_CpuTimer0
003f51d1   __log
003f525e   FD$$DIV
003f52e9   FD$$MPY
003f536c   FS$$DIV
003f53ef   _pow
003f5472   FS$$SUB
003f5477   FS$$ADD
003f54ea   _Init_Pwm1_280x
003f5522   _Set_Pwm1_Cmp_280x
003f552f   _Set_Pwm1_Type_280x
003f5559   _Check_Pwm1_280x
003f555d   FS$$MPY
003f55b7   _InitCpuTimers
003f55cc   _ConfigCpuTimer
003f5600   _c_int00
003f5644   _ldexp
003f5685   _InitSci
003f5686   _InitSciGpio
003f568b   _InitSciaGpio
003f56a1   _InitScibGpio
003f56b5   FD$$CMP
003f56df   L$$DIV
003f56ee   L$$MOD
003f56fc   UL$$DIV
003f5703   UL$$MOD
003f5709   FS$$TOL
003f5732   _InitPieCtrl
003f5751   _EnableInterrupts
003f575a   FS$$TOI
003f577f   I$$DIV
003f5790   I$$MOD
003f57a1   FS$$TOUL
003f57c2   ___memcpy_ff
003f57e3   _InitPieVectTable
003f5803   FD$$TOL
003f5822   L$$TOFD
003f583e   FD$$TOU
003f5858   I$$TOFS
003f5872   __args_main
003f588b   C$$EXIT
003f588b   _abort
003f588d   _exit
003f58a4   FS$$CMP
003f58bb   U$$TOFD
003f58d2   _MemCopy
003f58e7   _frexp
003f58fb   U$$TOFS
003f590b   U$$DIV
003f5910   U$$MOD
003f5916   _InitAdc
003f5920   __register_unlock
003f5924   __register_lock
003f5928   __nop
003f5931   _PRG_key0
003f5932   _PRG_key1
003f5933   _PRG_key2
003f5934   _PRG_key3
003f5935   _PRG_key4
003f5936   _PRG_key5
003f5937   _PRG_key6
003f5938   _PRG_key7
003f5939   FS$$NEG
003f593e   _DSP28x_usDelay
003f5942   _PieVectTableInit
003f5942   ___etext__
003f5942   etext
003f5a9e   ___cinit__
003f5a9e   cinit
003f7ff6   code_start
003f7ff8   _CsmPwl
ffffffff   ___binit__
ffffffff   ___c_args__
ffffffff   ___pinit__
ffffffff   binit
ffffffff   pinit

[316 symbols]
